Archive member included to satisfy reference by file (symbol)

C:/ST/STM32CubeIDE_1.16.1/STM32CubeIDE/plugins/com.st.stm32cube.ide.mcu.externaltools.gnu-tools-for-stm32.12.3.rel1.win32_1.0.200.202406191623/tools/bin/../lib/gcc/arm-none-eabi/12.3.1/../../../../arm-none-eabi/lib/thumb/v7e-m+fp/hard\libc_nano.a(libc_a-exit.o)
                              C:/ST/STM32CubeIDE_1.16.1/STM32CubeIDE/plugins/com.st.stm32cube.ide.mcu.externaltools.gnu-tools-for-stm32.12.3.rel1.win32_1.0.200.202406191623/tools/bin/../lib/gcc/arm-none-eabi/12.3.1/../../../../arm-none-eabi/lib/thumb/v7e-m+fp/hard/crt0.o (exit)
C:/ST/STM32CubeIDE_1.16.1/STM32CubeIDE/plugins/com.st.stm32cube.ide.mcu.externaltools.gnu-tools-for-stm32.12.3.rel1.win32_1.0.200.202406191623/tools/bin/../lib/gcc/arm-none-eabi/12.3.1/../../../../arm-none-eabi/lib/thumb/v7e-m+fp/hard\libc_nano.a(libc_a-findfp.o)
                              C:/ST/STM32CubeIDE_1.16.1/STM32CubeIDE/plugins/com.st.stm32cube.ide.mcu.externaltools.gnu-tools-for-stm32.12.3.rel1.win32_1.0.200.202406191623/tools/bin/../lib/gcc/arm-none-eabi/12.3.1/../../../../arm-none-eabi/lib/thumb/v7e-m+fp/hard\libc_nano.a(libc_a-exit.o) (__stdio_exit_handler)
C:/ST/STM32CubeIDE_1.16.1/STM32CubeIDE/plugins/com.st.stm32cube.ide.mcu.externaltools.gnu-tools-for-stm32.12.3.rel1.win32_1.0.200.202406191623/tools/bin/../lib/gcc/arm-none-eabi/12.3.1/../../../../arm-none-eabi/lib/thumb/v7e-m+fp/hard\libc_nano.a(libc_a-fwalk.o)
                              C:/ST/STM32CubeIDE_1.16.1/STM32CubeIDE/plugins/com.st.stm32cube.ide.mcu.externaltools.gnu-tools-for-stm32.12.3.rel1.win32_1.0.200.202406191623/tools/bin/../lib/gcc/arm-none-eabi/12.3.1/../../../../arm-none-eabi/lib/thumb/v7e-m+fp/hard\libc_nano.a(libc_a-findfp.o) (_fwalk_sglue)
C:/ST/STM32CubeIDE_1.16.1/STM32CubeIDE/plugins/com.st.stm32cube.ide.mcu.externaltools.gnu-tools-for-stm32.12.3.rel1.win32_1.0.200.202406191623/tools/bin/../lib/gcc/arm-none-eabi/12.3.1/../../../../arm-none-eabi/lib/thumb/v7e-m+fp/hard\libc_nano.a(libc_a-stdio.o)
                              C:/ST/STM32CubeIDE_1.16.1/STM32CubeIDE/plugins/com.st.stm32cube.ide.mcu.externaltools.gnu-tools-for-stm32.12.3.rel1.win32_1.0.200.202406191623/tools/bin/../lib/gcc/arm-none-eabi/12.3.1/../../../../arm-none-eabi/lib/thumb/v7e-m+fp/hard\libc_nano.a(libc_a-findfp.o) (__sread)
C:/ST/STM32CubeIDE_1.16.1/STM32CubeIDE/plugins/com.st.stm32cube.ide.mcu.externaltools.gnu-tools-for-stm32.12.3.rel1.win32_1.0.200.202406191623/tools/bin/../lib/gcc/arm-none-eabi/12.3.1/../../../../arm-none-eabi/lib/thumb/v7e-m+fp/hard\libc_nano.a(libc_a-memset.o)
                              C:/ST/STM32CubeIDE_1.16.1/STM32CubeIDE/plugins/com.st.stm32cube.ide.mcu.externaltools.gnu-tools-for-stm32.12.3.rel1.win32_1.0.200.202406191623/tools/bin/../lib/gcc/arm-none-eabi/12.3.1/../../../../arm-none-eabi/lib/thumb/v7e-m+fp/hard/crt0.o (memset)
C:/ST/STM32CubeIDE_1.16.1/STM32CubeIDE/plugins/com.st.stm32cube.ide.mcu.externaltools.gnu-tools-for-stm32.12.3.rel1.win32_1.0.200.202406191623/tools/bin/../lib/gcc/arm-none-eabi/12.3.1/../../../../arm-none-eabi/lib/thumb/v7e-m+fp/hard\libc_nano.a(libc_a-closer.o)
                              C:/ST/STM32CubeIDE_1.16.1/STM32CubeIDE/plugins/com.st.stm32cube.ide.mcu.externaltools.gnu-tools-for-stm32.12.3.rel1.win32_1.0.200.202406191623/tools/bin/../lib/gcc/arm-none-eabi/12.3.1/../../../../arm-none-eabi/lib/thumb/v7e-m+fp/hard\libc_nano.a(libc_a-stdio.o) (_close_r)
C:/ST/STM32CubeIDE_1.16.1/STM32CubeIDE/plugins/com.st.stm32cube.ide.mcu.externaltools.gnu-tools-for-stm32.12.3.rel1.win32_1.0.200.202406191623/tools/bin/../lib/gcc/arm-none-eabi/12.3.1/../../../../arm-none-eabi/lib/thumb/v7e-m+fp/hard\libc_nano.a(libc_a-reent.o)
                              C:/ST/STM32CubeIDE_1.16.1/STM32CubeIDE/plugins/com.st.stm32cube.ide.mcu.externaltools.gnu-tools-for-stm32.12.3.rel1.win32_1.0.200.202406191623/tools/bin/../lib/gcc/arm-none-eabi/12.3.1/../../../../arm-none-eabi/lib/thumb/v7e-m+fp/hard\libc_nano.a(libc_a-closer.o) (errno)
C:/ST/STM32CubeIDE_1.16.1/STM32CubeIDE/plugins/com.st.stm32cube.ide.mcu.externaltools.gnu-tools-for-stm32.12.3.rel1.win32_1.0.200.202406191623/tools/bin/../lib/gcc/arm-none-eabi/12.3.1/../../../../arm-none-eabi/lib/thumb/v7e-m+fp/hard\libc_nano.a(libc_a-impure.o)
                              C:/ST/STM32CubeIDE_1.16.1/STM32CubeIDE/plugins/com.st.stm32cube.ide.mcu.externaltools.gnu-tools-for-stm32.12.3.rel1.win32_1.0.200.202406191623/tools/bin/../lib/gcc/arm-none-eabi/12.3.1/../../../../arm-none-eabi/lib/thumb/v7e-m+fp/hard\libc_nano.a(libc_a-reent.o) (_impure_ptr)
C:/ST/STM32CubeIDE_1.16.1/STM32CubeIDE/plugins/com.st.stm32cube.ide.mcu.externaltools.gnu-tools-for-stm32.12.3.rel1.win32_1.0.200.202406191623/tools/bin/../lib/gcc/arm-none-eabi/12.3.1/../../../../arm-none-eabi/lib/thumb/v7e-m+fp/hard\libc_nano.a(libc_a-lseekr.o)
[...]
Memory Configuration

Name             Origin             Length             Attributes
CCMRAM           0x10000000         0x00010000         xrw
RAM              0x20000000         0x00020000         xrw
FLASH            0x08000000         0x00100000         xr
*default*        0x00000000         0xffffffff

Linker script and memory map

LOAD C:/ST/STM32CubeIDE_1.16.1/STM32CubeIDE/plugins/com.st.stm32cube.ide.mcu.externaltools.gnu-tools-for-stm32.12.3.rel1.win32_1.0.200.202406191623/tools/bin/../lib/gcc/arm-none-eabi/12.3.1/thumb/v7e-m+fp/hard/crti.o
LOAD C:/ST/STM32CubeIDE_1.16.1/STM32CubeIDE/plugins/com.st.stm32cube.ide.mcu.externaltools.gnu-tools-for-stm32.12.3.rel1.win32_1.0.200.202406191623/tools/bin/../lib/gcc/arm-none-eabi/12.3.1/thumb/v7e-m+fp/hard/crtbegin.o
LOAD C:/ST/STM32CubeIDE_1.16.1/STM32CubeIDE/plugins/com.st.stm32cube.ide.mcu.externaltools.gnu-tools-for-stm32.12.3.rel1.win32_1.0.200.202406191623/tools/bin/../lib/gcc/arm-none-eabi/12.3.1/../../../../arm-none-eabi/lib/thumb/v7e-m+fp/hard/crt0.o
LOAD ./Core/Src/button.o
LOAD ./Core/Src/clock_fsm.o
LOAD ./Core/Src/displayTime.o
LOAD ./Core/Src/ds3231.o
LOAD ./Core/Src/fsmc.o
LOAD ./Core/Src/gpio.o
LOAD ./Core/Src/i2c.o
LOAD ./Core/Src/lcd.o
LOAD ./Core/Src/led_7seg.o
LOAD ./Core/Src/main.o
LOAD ./Core/Src/picture.o
LOAD ./Core/Src/software_timer.o
LOAD ./Core/Src/spi.o
LOAD ./Core/Src/stm32f4xx_hal_msp.o
LOAD ./Core/Src/stm32f4xx_it.o
LOAD ./Core/Src/syscalls.o
LOAD ./Core/Src/sysmem.o
LOAD ./Core/Src/system_stm32f4xx.o
LOAD ./Core/Src/tim.o
LOAD ./Core/Src/utils.o
LOAD ./Core/Startup/startup_stm32f407zetx.o
LOAD ./Drivers/STM32F4xx_HAL_Driver/Src/stm32f4xx_hal.o
LOAD ./Drivers/STM32F4xx_HAL_Driver/Src/stm32f4xx_hal_cortex.o
LOAD ./Drivers/STM32F4xx_HAL_Driver/Src/stm32f4xx_hal_dma.o
LOAD ./Drivers/STM32F4xx_HAL_Driver/Src/stm32f4xx_hal_dma_ex.o
LOAD ./Drivers/STM32F4xx_HAL_Driver/Src/stm32f4xx_hal_exti.o
LOAD ./Drivers/STM32F4xx_HAL_Driver/Src/stm32f4xx_hal_flash.o
LOAD ./Drivers/STM32F4xx_HAL_Driver/Src/stm32f4xx_hal_flash_ex.o
LOAD ./Drivers/STM32F4xx_HAL_Driver/Src/stm32f4xx_hal_flash_ramfunc.o
LOAD ./Drivers/STM32F4xx_HAL_Driver/Src/stm32f4xx_hal_gpio.o
LOAD ./Drivers/STM32F4xx_HAL_Driver/Src/stm32f4xx_hal_i2c.o
LOAD ./Drivers/STM32F4xx_HAL_Driver/Src/stm32f4xx_hal_i2c_ex.o
LOAD ./Drivers/STM32F4xx_HAL_Driver/Src/stm32f4xx_hal_pwr.o
LOAD ./Drivers/STM32F4xx_HAL_Driver/Src/stm32f4xx_hal_pwr_ex.o
LOAD ./Drivers/STM32F4xx_HAL_Driver/Src/stm32f4xx_hal_rcc.o
LOAD ./Drivers/STM32F4xx_HAL_Driver/Src/stm32f4xx_hal_rcc_ex.o
LOAD ./Drivers/STM32F4xx_HAL_Driver/Src/stm32f4xx_hal_spi.o
LOAD ./Drivers/STM32F4xx_HAL_Driver/Src/stm32f4xx_hal_sram.o
LOAD ./Drivers/STM32F4xx_HAL_Driver/Src/stm32f4xx_hal_tim.o
LOAD ./Drivers/STM32F4xx_HAL_Driver/Src/stm32f4xx_hal_tim_ex.o
LOAD ./Drivers/STM32F4xx_HAL_Driver/Src/stm32f4xx_ll_fsmc.o
START GROUP
LOAD C:/ST/STM32CubeIDE_1.16.1/STM32CubeIDE/plugins/com.st.stm32cube.ide.mcu.externaltools.gnu-tools-for-stm32.12.3.rel1.win32_1.0.200.202406191623/tools/bin/../lib/gcc/arm-none-eabi/12.3.1/../../../../arm-none-eabi/lib/thumb/v7e-m+fp/hard\libc_nano.a
LOAD C:/ST/STM32CubeIDE_1.16.1/STM32CubeIDE/plugins/com.st.stm32cube.ide.mcu.externaltools.gnu-tools-for-stm32.12.3.rel1.win32_1.0.200.202406191623/tools/bin/../lib/gcc/arm-none-eabi/12.3.1/../../../../arm-none-eabi/lib/thumb/v7e-m+fp/hard\libm.a
END GROUP
START GROUP
LOAD C:/ST/STM32CubeIDE_1.16.1/STM32CubeIDE/plugins/com.st.stm32cube.ide.mcu.externaltools.gnu-tools-for-stm32.12.3.rel1.win32_1.0.200.202406191623/tools/bin/../lib/gcc/arm-none-eabi/12.3.1/thumb/v7e-m+fp/hard\libgcc.a
LOAD C:/ST/STM32CubeIDE_1.16.1/STM32CubeIDE/plugins/com.st.stm32cube.ide.mcu.externaltools.gnu-tools-for-stm32.12.3.rel1.win32_1.0.200.202406191623/tools/bin/../lib/gcc/arm-none-eabi/12.3.1/../../../../arm-none-eabi/lib/thumb/v7e-m+fp/hard\libc_nano.a
END GROUP
START GROUP
LOAD C:/ST/STM32CubeIDE_1.16.1/STM32CubeIDE/plugins/com.st.stm32cube.ide.mcu.externaltools.gnu-tools-for-stm32.12.3.rel1.win32_1.0.200.202406191623/tools/bin/../lib/gcc/arm-none-eabi/12.3.1/thumb/v7e-m+fp/hard\libgcc.a
LOAD C:/ST/STM32CubeIDE_1.16.1/STM32CubeIDE/plugins/com.st.stm32cube.ide.mcu.externaltools.gnu-tools-for-stm32.12.3.rel1.win32_1.0.200.202406191623/tools/bin/../lib/gcc/arm-none-eabi/12.3.1/../../../../arm-none-eabi/lib/thumb/v7e-m+fp/hard\libc_nano.a
LOAD C:/ST/STM32CubeIDE_1.16.1/STM32CubeIDE/plugins/com.st.stm32cube.ide.mcu.externaltools.gnu-tools-for-stm32.12.3.rel1.win32_1.0.200.202406191623/tools/bin/../lib/gcc/arm-none-eabi/12.3.1/../../../../arm-none-eabi/lib/thumb/v7e-m+fp/hard\libnosys.a
END GROUP
START GROUP
LOAD C:/ST/STM32CubeIDE_1.16.1/STM32CubeIDE/plugins/com.st.stm32cube.ide.mcu.externaltools.gnu-tools-for-stm32.12.3.rel1.win32_1.0.200.202406191623/tools/bin/../lib/gcc/arm-none-eabi/12.3.1/thumb/v7e-m+fp/hard\libgcc.a
LOAD C:/ST/STM32CubeIDE_1.16.1/STM32CubeIDE/plugins/com.st.stm32cube.ide.mcu.externaltools.gnu-tools-for-stm32.12.3.rel1.win32_1.0.200.202406191623/tools/bin/../lib/gcc/arm-none-eabi/12.3.1/../../../../arm-none-eabi/lib/thumb/v7e-m+fp/hard\libc_nano.a
LOAD C:/ST/STM32CubeIDE_1.16.1/STM32CubeIDE/plugins/com.st.stm32cube.ide.mcu.externaltools.gnu-tools-for-stm32.12.3.rel1.win32_1.0.200.202406191623/tools/bin/../lib/gcc/arm-none-eabi/12.3.1/../../../../arm-none-eabi/lib/thumb/v7e-m+fp/hard\libnosys.a
END GROUP
LOAD C:/ST/STM32CubeIDE_1.16.1/STM32CubeIDE/plugins/com.st.stm32cube.ide.mcu.externaltools.gnu-tools-for-stm32.12.3.rel1.win32_1.0.200.202406191623/tools/bin/../lib/gcc/arm-none-eabi/12.3.1/thumb/v7e-m+fp/hard/crtend.o
LOAD C:/ST/STM32CubeIDE_1.16.1/STM32CubeIDE/plugins/com.st.stm32cube.ide.mcu.externaltools.gnu-tools-for-stm32.12.3.rel1.win32_1.0.200.202406191623/tools/bin/../lib/gcc/arm-none-eabi/12.3.1/thumb/v7e-m+fp/hard/crtn.o
                0x20020000                        _estack = (ORIGIN (RAM) + LENGTH (RAM))
                0x00000200                        _Min_Heap_Size = 0x200
                0x00000400                        _Min_Stack_Size = 0x400

.isr_vector     0x08000000      0x188
                0x08000000                        . = ALIGN (0x4)
 *(.isr_vector)
 .isr_vector    0x08000000      0x188 ./Core/Startup/startup_stm32f407zetx.o
                0x08000000                g_pfnVectors
                0x08000188                        . = ALIGN (0x4)

.text           0x08000188     0x6bd4
                0x08000188                        . = ALIGN (0x4)
 *(.text)
 .text          0x08000188       0x40 C:/ST/STM32CubeIDE_1.16.1/STM32CubeIDE/plugins/com.st.stm32cube.ide.mcu.externaltools.gnu-tools-for-stm32.12.3.rel1.win32_1.0.200.202406191623/tools/bin/../lib/gcc/arm-none-eabi/12.3.1/thumb/v7e-m+fp/hard/crtbegin.o
 .text          0x080001c8       0x30 C:/ST/STM32CubeIDE_1.16.1/STM32CubeIDE/plugins/com.st.stm32cube.ide.mcu.externaltools.gnu-tools-for-stm32.12.3.rel1.win32_1.0.200.202406191623/tools/bin/../lib/gcc/arm-none-eabi/12.3.1/thumb/v7e-m+fp/hard\libgcc.a(_aeabi_uldivmod.o)
                0x080001c8                __aeabi_uldivmod
 .text          0x080001f8      0x2bc C:/ST/STM32CubeIDE_1.16.1/STM32CubeIDE/plugins/com.st.stm32cube.ide.mcu.externaltools.gnu-tools-for-stm32.12.3.rel1.win32_1.0.200.202406191623/tools/bin/../lib/gcc/arm-none-eabi/12.3.1/thumb/v7e-m+fp/hard\libgcc.a(_udivmoddi4.o)
                0x080001f8                __udivmoddi4
 .text          0x080004b4        0x4 C:/ST/STM32CubeIDE_1.16.1/STM32CubeIDE/plugins/com.st.stm32cube.ide.mcu.externaltools.gnu-tools-for-stm32.12.3.rel1.win32_1.0.200.202406191623/tools/bin/../lib/gcc/arm-none-eabi/12.3.1/thumb/v7e-m+fp/hard\libgcc.a(_dvmd_tls.o)
                0x080004b4                __aeabi_idiv0
                0x080004b4                __aeabi_ldiv0
 *(.text*)
 .text.button_init
                0x080004b8       0x18 ./Core/Src/button.o
                0x080004b8                button_init
 .text.button_Scan
                0x080004d0       0xd8 ./Core/Src/button.o
                0x080004d0                button_Scan
 .text.updateTime
                0x080005a8       0x6e ./Core/Src/clock_fsm.o
                0x080005a8                updateTime
 *fill*         0x08000616        0x2 
 .text.updateDisplayTime
                0x08000618       0x60 ./Core/Src/clock_fsm.o
                0x08000618                updateDisplayTime
 .text.updateRemindTime
                0x08000678       0x60 ./Core/Src/clock_fsm.o
                0x08000678                updateRemindTime
 .text.checkTimeRemind
                0x080006d8       0xe4 ./Core/Src/clock_fsm.o
                0x080006d8                checkTimeRemind
 .text.clock_fsm
                0x080007bc      0xc08 ./Core/Src/clock_fsm.o
                0x080007bc                clock_fsm
 .text.displayNormalTime
                0x080013c4      0x142 ./Core/Src/displayTime.o
                0x080013c4                displayNormalTime
 .text.displayNoDateTime
                0x08001506      0x140 ./Core/Src/displayTime.o
                0x08001506                displayNoDateTime
 .text.displayNoMonthTime
                0x08001646      0x140 ./Core/Src/displayTime.o
                0x08001646                displayNoMonthTime
 .text.displayNoYearTime
                0x08001786      0x140 ./Core/Src/displayTime.o
                0x08001786                displayNoYearTime
 .text.displayNoDayTime
                0x080018c6      0x140 ./Core/Src/displayTime.o
                0x080018c6                displayNoDayTime
 .text.displayNoHourTime
                0x08001a06      0x140 ./Core/Src/displayTime.o
                0x08001a06                displayNoHourTime
 .text.displayNoMinuteTime
                0x08001b46      0x140 ./Core/Src/displayTime.o
                0x08001b46                displayNoMinuteTime
 .text.displayNoSecondTime
                0x08001c86      0x140 ./Core/Src/displayTime.o
                0x08001c86                displayNoSecondTime
 *fill*         0x08001dc6        0x2 
 .text.displayToggleTime
                0x08001dc8      0x11c ./Core/Src/displayTime.o
                0x08001dc8                displayToggleTime
 .text.ds3231_init
                0x08001ee4       0x88 ./Core/Src/ds3231.o
                0x08001ee4                ds3231_init
 .text.ds3231_Write
                0x08001f6c       0x44 ./Core/Src/ds3231.o
                0x08001f6c                ds3231_Write
 .text.ds3231_ReadTime
                0x08001fb0       0xc8 ./Core/Src/ds3231.o
                0x08001fb0                ds3231_ReadTime
 .text.MX_FSMC_Init
                0x08002078       0xf4 ./Core/Src/fsmc.o
                0x08002078                MX_FSMC_Init
 .text.HAL_FSMC_MspInit
                0x0800216c       0x98 ./Core/Src/fsmc.o
 .text.HAL_SRAM_MspInit
                0x08002204       0x14 ./Core/Src/fsmc.o
                0x08002204                HAL_SRAM_MspInit
 .text.MX_GPIO_Init
                0x08002218      0x1f0 ./Core/Src/gpio.o
                0x08002218                MX_GPIO_Init
 .text.MX_I2C1_Init
                0x08002408       0x5c ./Core/Src/i2c.o
                0x08002408                MX_I2C1_Init
 .text.HAL_I2C_MspInit
                0x08002464       0x90 ./Core/Src/i2c.o
                0x08002464                HAL_I2C_MspInit
 .text.LCD_WR_REG
                0x080024f4       0x20 ./Core/Src/lcd.o
                0x080024f4                LCD_WR_REG
 .text.LCD_WR_DATA
                0x08002514       0x20 ./Core/Src/lcd.o
                0x08002514                LCD_WR_DATA
 .text.LCD_RD_DATA
                0x08002534       0x24 ./Core/Src/lcd.o
                0x08002534                LCD_RD_DATA
 .text.lcd_AddressSet
                0x08002558       0x98 ./Core/Src/lcd.o
                0x08002558                lcd_AddressSet
 .text.lcd_Clear
                0x080025f0       0x74 ./Core/Src/lcd.o
                0x080025f0                lcd_Clear
 .text.lcd_DrawPoint
                0x08002664       0x2e ./Core/Src/lcd.o
                0x08002664                lcd_DrawPoint
 *fill*         0x08002692        0x2 
 .text.lcd_ShowChar
                0x08002694      0x1a0 ./Core/Src/lcd.o
                0x08002694                lcd_ShowChar
 .text.mypow    0x08002834       0x38 ./Core/Src/lcd.o
                0x08002834                mypow
 .text.lcd_ShowIntNum
                0x0800286c       0xfc ./Core/Src/lcd.o
                0x0800286c                lcd_ShowIntNum
 .text.lcd_SetDir
                0x08002968       0x48 ./Core/Src/lcd.o
                0x08002968                lcd_SetDir
 .text.lcd_init
                0x080029b0      0x2c0 ./Core/Src/lcd.o
                0x080029b0                lcd_init
 .text.lcd_ShowStr
                0x08002c70       0xc8 ./Core/Src/lcd.o
                0x08002c70                lcd_ShowStr
 .text.led7_init
                0x08002d38       0x18 ./Core/Src/led_7seg.o
                0x08002d38                led7_init
 .text.led7_Scan
                0x08002d50      0x118 ./Core/Src/led_7seg.o
                0x08002d50                led7_Scan
 .text.main     0x08002e68       0x68 ./Core/Src/main.o
                0x08002e68                main
 .text.SystemClock_Config
                0x08002ed0       0xd4 ./Core/Src/main.o
                0x08002ed0                SystemClock_Config
 .text.system_init
                0x08002fa4       0x44 ./Core/Src/main.o
                0x08002fa4                system_init
 .text.Error_Handler
                0x08002fe8        0xc ./Core/Src/main.o
                0x08002fe8                Error_Handler
 .text.timer_init
                0x08002ff4       0x14 ./Core/Src/software_timer.o
                0x08002ff4                timer_init
 .text.setTimer2
                0x08003008       0x38 ./Core/Src/software_timer.o
                0x08003008                setTimer2
 .text.setTimer3
                0x08003040       0x38 ./Core/Src/software_timer.o
                0x08003040                setTimer3
 .text.HAL_TIM_PeriodElapsedCallback
                0x08003078       0xc0 ./Core/Src/software_timer.o
                0x08003078                HAL_TIM_PeriodElapsedCallback
 .text.MX_SPI1_Init
                0x08003138       0x6c ./Core/Src/spi.o
                0x08003138                MX_SPI1_Init
 .text.HAL_SPI_MspInit
                0x080031a4       0x90 ./Core/Src/spi.o
                0x080031a4                HAL_SPI_MspInit
 .text.HAL_MspInit
                0x08003234       0x50 ./Core/Src/stm32f4xx_hal_msp.o
                0x08003234                HAL_MspInit
 .text.NMI_Handler
                0x08003284        0x8 ./Core/Src/stm32f4xx_it.o
                0x08003284                NMI_Handler
 .text.HardFault_Handler
                0x0800328c        0x8 ./Core/Src/stm32f4xx_it.o
                0x0800328c                HardFault_Handler
 .text.MemManage_Handler
                0x08003294        0x8 ./Core/Src/stm32f4xx_it.o
                0x08003294                MemManage_Handler
 .text.BusFault_Handler
                0x0800329c        0x8 ./Core/Src/stm32f4xx_it.o
                0x0800329c                BusFault_Handler
 .text.UsageFault_Handler
                0x080032a4        0x8 ./Core/Src/stm32f4xx_it.o
                0x080032a4                UsageFault_Handler
 .text.SVC_Handler
                0x080032ac        0xe ./Core/Src/stm32f4xx_it.o
                0x080032ac                SVC_Handler
 .text.DebugMon_Handler
                0x080032ba        0xe ./Core/Src/stm32f4xx_it.o
                0x080032ba                DebugMon_Handler
 .text.PendSV_Handler
                0x080032c8        0xe ./Core/Src/stm32f4xx_it.o
                0x080032c8                PendSV_Handler
 .text.SysTick_Handler
                0x080032d6        0xc ./Core/Src/stm32f4xx_it.o
                0x080032d6                SysTick_Handler
 *fill*         0x080032e2        0x2 
 .text.TIM2_IRQHandler
                0x080032e4       0x14 ./Core/Src/stm32f4xx_it.o
                0x080032e4                TIM2_IRQHandler
 .text.SystemInit
                0x080032f8       0x24 ./Core/Src/system_stm32f4xx.o
                0x080032f8                SystemInit
 .text.MX_TIM2_Init
                0x0800331c       0x98 ./Core/Src/tim.o
                0x0800331c                MX_TIM2_Init
 .text.HAL_TIM_Base_MspInit
                0x080033b4       0x4c ./Core/Src/tim.o
                0x080033b4                HAL_TIM_Base_MspInit
 .text.BCD2DEC  0x08003400       0x32 ./Core/Src/utils.o
                0x08003400                BCD2DEC
 *fill*         0x08003432        0x2 
 .text.DEC2BCD  0x08003434       0x48 ./Core/Src/utils.o
                0x08003434                DEC2BCD
 .text.Reset_Handler
                0x0800347c       0x50 ./Core/Startup/startup_stm32f407zetx.o
                0x0800347c                Reset_Handler
 .text.Default_Handler
                0x080034cc        0x2 ./Core/Startup/startup_stm32f407zetx.o
                0x080034cc                RTC_Alarm_IRQHandler
                0x080034cc                HASH_RNG_IRQHandler
                0x080034cc                EXTI2_IRQHandler
                0x080034cc                TIM8_CC_IRQHandler
                0x080034cc                TIM1_CC_IRQHandler
                0x080034cc                DMA2_Stream5_IRQHandler
                0x080034cc                DMA1_Stream5_IRQHandler
                0x080034cc                PVD_IRQHandler
                0x080034cc                SDIO_IRQHandler
                0x080034cc                TAMP_STAMP_IRQHandler
                0x080034cc                CAN2_RX1_IRQHandler
                0x080034cc                EXTI3_IRQHandler
                0x080034cc                TIM8_TRG_COM_TIM14_IRQHandler
                0x080034cc                TIM1_UP_TIM10_IRQHandler
                0x080034cc                TIM8_UP_TIM13_IRQHandler
                0x080034cc                I2C3_ER_IRQHandler
                0x080034cc                EXTI0_IRQHandler
                0x080034cc                I2C2_EV_IRQHandler
                0x080034cc                DMA1_Stream2_IRQHandler
                0x080034cc                CAN1_RX0_IRQHandler
                0x080034cc                FPU_IRQHandler
                0x080034cc                OTG_HS_WKUP_IRQHandler
                0x080034cc                CAN2_SCE_IRQHandler
                0x080034cc                DMA2_Stream2_IRQHandler
                0x080034cc                SPI1_IRQHandler
                0x080034cc                TIM6_DAC_IRQHandler
                0x080034cc                TIM1_BRK_TIM9_IRQHandler
                0x080034cc                DCMI_IRQHandler
                0x080034cc                CAN2_RX0_IRQHandler
                0x080034cc                DMA2_Stream3_IRQHandler
                0x080034cc                USART6_IRQHandler
                0x080034cc                USART3_IRQHandler
                0x080034cc                CAN1_RX1_IRQHandler
                0x080034cc                UART5_IRQHandler
                0x080034cc                DMA2_Stream0_IRQHandler
                0x080034cc                TIM4_IRQHandler
                0x080034cc                I2C1_EV_IRQHandler
                0x080034cc                DMA1_Stream6_IRQHandler
                0x080034cc                DMA1_Stream1_IRQHandler
                0x080034cc                UART4_IRQHandler
                0x080034cc                TIM3_IRQHandler
                0x080034cc                RCC_IRQHandler
                0x080034cc                TIM8_BRK_TIM12_IRQHandler
                0x080034cc                Default_Handler
                0x080034cc                EXTI15_10_IRQHandler
                0x080034cc                ADC_IRQHandler
                0x080034cc                DMA1_Stream7_IRQHandler
                0x080034cc                TIM7_IRQHandler
                0x080034cc                CAN2_TX_IRQHandler
                0x080034cc                TIM5_IRQHandler
                0x080034cc                DMA2_Stream7_IRQHandler
                0x080034cc                I2C3_EV_IRQHandler
                0x080034cc                EXTI9_5_IRQHandler
                0x080034cc                RTC_WKUP_IRQHandler
                0x080034cc                ETH_WKUP_IRQHandler
                0x080034cc                SPI2_IRQHandler
                0x080034cc                OTG_HS_EP1_IN_IRQHandler
                0x080034cc                DMA1_Stream0_IRQHandler
                0x080034cc                CAN1_TX_IRQHandler
                0x080034cc                EXTI4_IRQHandler
                0x080034cc                FSMC_IRQHandler
                0x080034cc                ETH_IRQHandler
                0x080034cc                OTG_HS_EP1_OUT_IRQHandler
                0x080034cc                WWDG_IRQHandler
                0x080034cc                OTG_FS_WKUP_IRQHandler
                0x080034cc                TIM1_TRG_COM_TIM11_IRQHandler
                0x080034cc                OTG_HS_IRQHandler
                0x080034cc                EXTI1_IRQHandler
                0x080034cc                USART2_IRQHandler
                0x080034cc                I2C2_ER_IRQHandler
                0x080034cc                DMA2_Stream1_IRQHandler
                0x080034cc                CAN1_SCE_IRQHandler
                0x080034cc                FLASH_IRQHandler
                0x080034cc                DMA2_Stream4_IRQHandler
                0x080034cc                USART1_IRQHandler
                0x080034cc                OTG_FS_IRQHandler
                0x080034cc                SPI3_IRQHandler
                0x080034cc                DMA1_Stream4_IRQHandler
                0x080034cc                I2C1_ER_IRQHandler
                0x080034cc                DMA2_Stream6_IRQHandler
                0x080034cc                DMA1_Stream3_IRQHandler
 *fill*         0x080034ce        0x2 
 .text.HAL_Init
                0x080034d0       0x44 ./Drivers/STM32F4xx_HAL_Driver/Src/stm32f4xx_hal.o
                0x080034d0                HAL_Init
 .text.HAL_InitTick
                0x08003514       0x60 ./Drivers/STM32F4xx_HAL_Driver/Src/stm32f4xx_hal.o
                0x08003514                HAL_InitTick
 .text.HAL_IncTick
                0x08003574       0x28 ./Drivers/STM32F4xx_HAL_Driver/Src/stm32f4xx_hal.o
                0x08003574                HAL_IncTick
 .text.HAL_GetTick
                0x0800359c       0x18 ./Drivers/STM32F4xx_HAL_Driver/Src/stm32f4xx_hal.o
                0x0800359c                HAL_GetTick
 .text.HAL_Delay
                0x080035b4       0x48 ./Drivers/STM32F4xx_HAL_Driver/Src/stm32f4xx_hal.o
                0x080035b4                HAL_Delay
 .text.__NVIC_SetPriorityGrouping
                0x080035fc       0x48 ./Drivers/STM32F4xx_HAL_Driver/Src/stm32f4xx_hal_cortex.o
 .text.__NVIC_GetPriorityGrouping
                0x08003644       0x1c ./Drivers/STM32F4xx_HAL_Driver/Src/stm32f4xx_hal_cortex.o
 .text.__NVIC_EnableIRQ
                0x08003660       0x3c ./Drivers/STM32F4xx_HAL_Driver/Src/stm32f4xx_hal_cortex.o
 .text.__NVIC_SetPriority
                0x0800369c       0x54 ./Drivers/STM32F4xx_HAL_Driver/Src/stm32f4xx_hal_cortex.o
 .text.NVIC_EncodePriority
                0x080036f0       0x66 ./Drivers/STM32F4xx_HAL_Driver/Src/stm32f4xx_hal_cortex.o
 *fill*         0x08003756        0x2 
 .text.SysTick_Config
                0x08003758       0x44 ./Drivers/STM32F4xx_HAL_Driver/Src/stm32f4xx_hal_cortex.o
 .text.HAL_NVIC_SetPriorityGrouping
                0x0800379c       0x16 ./Drivers/STM32F4xx_HAL_Driver/Src/stm32f4xx_hal_cortex.o
                0x0800379c                HAL_NVIC_SetPriorityGrouping
 .text.HAL_NVIC_SetPriority
                0x080037b2       0x38 ./Drivers/STM32F4xx_HAL_Driver/Src/stm32f4xx_hal_cortex.o
                0x080037b2                HAL_NVIC_SetPriority
 .text.HAL_NVIC_EnableIRQ
                0x080037ea       0x1c ./Drivers/STM32F4xx_HAL_Driver/Src/stm32f4xx_hal_cortex.o
                0x080037ea                HAL_NVIC_EnableIRQ
 .text.HAL_SYSTICK_Config
                0x08003806       0x18 ./Drivers/STM32F4xx_HAL_Driver/Src/stm32f4xx_hal_cortex.o
                0x08003806                HAL_SYSTICK_Config
 *fill*         0x0800381e        0x2 
 .text.HAL_GPIO_Init
                0x08003820      0x338 ./Drivers/STM32F4xx_HAL_Driver/Src/stm32f4xx_hal_gpio.o
                0x08003820                HAL_GPIO_Init
 .text.HAL_GPIO_WritePin
                0x08003b58       0x32 ./Drivers/STM32F4xx_HAL_Driver/Src/stm32f4xx_hal_gpio.o
                0x08003b58                HAL_GPIO_WritePin
 *fill*         0x08003b8a        0x2 
 .text.HAL_I2C_Init
                0x08003b8c      0x288 ./Drivers/STM32F4xx_HAL_Driver/Src/stm32f4xx_hal_i2c.o
                0x08003b8c                HAL_I2C_Init
 .text.HAL_I2C_Mem_Write
                0x08003e14      0x1f4 ./Drivers/STM32F4xx_HAL_Driver/Src/stm32f4xx_hal_i2c.o
                0x08003e14                HAL_I2C_Mem_Write
 .text.HAL_I2C_Mem_Read
                0x08004008      0x44c ./Drivers/STM32F4xx_HAL_Driver/Src/stm32f4xx_hal_i2c.o
                0x08004008                HAL_I2C_Mem_Read
 .text.HAL_I2C_IsDeviceReady
                0x08004454      0x25c ./Drivers/STM32F4xx_HAL_Driver/Src/stm32f4xx_hal_i2c.o
                0x08004454                HAL_I2C_IsDeviceReady
 .text.I2C_RequestMemoryWrite
                0x080046b0      0x12c ./Drivers/STM32F4xx_HAL_Driver/Src/stm32f4xx_hal_i2c.o
 .text.I2C_RequestMemoryRead
                0x080047dc      0x1d0 ./Drivers/STM32F4xx_HAL_Driver/Src/stm32f4xx_hal_i2c.o
 .text.I2C_WaitOnFlagUntilTimeout
                0x080049ac       0xae ./Drivers/STM32F4xx_HAL_Driver/Src/stm32f4xx_hal_i2c.o
 .text.I2C_WaitOnMasterAddressFlagUntilTimeout
                0x08004a5a       0xfe ./Drivers/STM32F4xx_HAL_Driver/Src/stm32f4xx_hal_i2c.o
 .text.I2C_WaitOnTXEFlagUntilTimeout
                0x08004b58       0x82 ./Drivers/STM32F4xx_HAL_Driver/Src/stm32f4xx_hal_i2c.o
 .text.I2C_WaitOnBTFFlagUntilTimeout
                0x08004bda       0x82 ./Drivers/STM32F4xx_HAL_Driver/Src/stm32f4xx_hal_i2c.o
 .text.I2C_WaitOnRXNEFlagUntilTimeout
                0x08004c5c       0xac ./Drivers/STM32F4xx_HAL_Driver/Src/stm32f4xx_hal_i2c.o
 .text.I2C_IsAcknowledgeFailed
                0x08004d08       0x5e ./Drivers/STM32F4xx_HAL_Driver/Src/stm32f4xx_hal_i2c.o
 *fill*         0x08004d66        0x2 
 .text.HAL_RCC_OscConfig
                0x08004d68      0x4f0 ./Drivers/STM32F4xx_HAL_Driver/Src/stm32f4xx_hal_rcc.o
                0x08004d68                HAL_RCC_OscConfig
 .text.HAL_RCC_ClockConfig
                0x08005258      0x1cc ./Drivers/STM32F4xx_HAL_Driver/Src/stm32f4xx_hal_rcc.o
                0x08005258                HAL_RCC_ClockConfig
 .text.HAL_RCC_GetSysClockFreq
                0x08005424      0x20c ./Drivers/STM32F4xx_HAL_Driver/Src/stm32f4xx_hal_rcc.o
                0x08005424                HAL_RCC_GetSysClockFreq
 .text.HAL_RCC_GetHCLKFreq
                0x08005630       0x18 ./Drivers/STM32F4xx_HAL_Driver/Src/stm32f4xx_hal_rcc.o
                0x08005630                HAL_RCC_GetHCLKFreq
 .text.HAL_RCC_GetPCLK1Freq
                0x08005648       0x28 ./Drivers/STM32F4xx_HAL_Driver/Src/stm32f4xx_hal_rcc.o
                0x08005648                HAL_RCC_GetPCLK1Freq
 .text.HAL_SPI_Init
                0x08005670      0x112 ./Drivers/STM32F4xx_HAL_Driver/Src/stm32f4xx_hal_spi.o
                0x08005670                HAL_SPI_Init
 .text.HAL_SPI_Transmit
                0x08005782      0x278 ./Drivers/STM32F4xx_HAL_Driver/Src/stm32f4xx_hal_spi.o
                0x08005782                HAL_SPI_Transmit
 .text.HAL_SPI_Receive
                0x080059fa      0x222 ./Drivers/STM32F4xx_HAL_Driver/Src/stm32f4xx_hal_spi.o
                0x080059fa                HAL_SPI_Receive
 .text.HAL_SPI_TransmitReceive
                0x08005c1c      0x344 ./Drivers/STM32F4xx_HAL_Driver/Src/stm32f4xx_hal_spi.o
                0x08005c1c                HAL_SPI_TransmitReceive
 .text.SPI_WaitFlagStateUntilTimeout
                0x08005f60      0x110 ./Drivers/STM32F4xx_HAL_Driver/Src/stm32f4xx_hal_spi.o
 .text.SPI_EndRxTransaction
                0x08006070       0xca ./Drivers/STM32F4xx_HAL_Driver/Src/stm32f4xx_hal_spi.o
 *fill*         0x0800613a        0x2 
 .text.SPI_EndRxTxTransaction
                0x0800613c       0x84 ./Drivers/STM32F4xx_HAL_Driver/Src/stm32f4xx_hal_spi.o
 .text.HAL_SRAM_Init
                0x080061c0       0x88 ./Drivers/STM32F4xx_HAL_Driver/Src/stm32f4xx_hal_sram.o
                0x080061c0                HAL_SRAM_Init
 .text.HAL_TIM_Base_Init
                0x08006248       0x9e ./Drivers/STM32F4xx_HAL_Driver/Src/stm32f4xx_hal_tim.o
                0x08006248                HAL_TIM_Base_Init
 *fill*         0x080062e6        0x2 
 .text.HAL_TIM_Base_Start_IT
                0x080062e8       0xe0 ./Drivers/STM32F4xx_HAL_Driver/Src/stm32f4xx_hal_tim.o
                0x080062e8                HAL_TIM_Base_Start_IT
 .text.HAL_TIM_IRQHandler
                0x080063c8      0x210 ./Drivers/STM32F4xx_HAL_Driver/Src/stm32f4xx_hal_tim.o
                0x080063c8                HAL_TIM_IRQHandler
 .text.HAL_TIM_ConfigClockSource
                0x080065d8      0x18e ./Drivers/STM32F4xx_HAL_Driver/Src/stm32f4xx_hal_tim.o
                0x080065d8                HAL_TIM_ConfigClockSource
 .text.HAL_TIM_OC_DelayElapsedCallback
                0x08006766       0x14 ./Drivers/STM32F4xx_HAL_Driver/Src/stm32f4xx_hal_tim.o
                0x08006766                HAL_TIM_OC_DelayElapsedCallback
 .text.HAL_TIM_IC_CaptureCallback
                0x0800677a       0x14 ./Drivers/STM32F4xx_HAL_Driver/Src/stm32f4xx_hal_tim.o
                0x0800677a                HAL_TIM_IC_CaptureCallback
 .text.HAL_TIM_PWM_PulseFinishedCallback
                0x0800678e       0x14 ./Drivers/STM32F4xx_HAL_Driver/Src/stm32f4xx_hal_tim.o
                0x0800678e                HAL_TIM_PWM_PulseFinishedCallback
 .text.HAL_TIM_TriggerCallback
                0x080067a2       0x14 ./Drivers/STM32F4xx_HAL_Driver/Src/stm32f4xx_hal_tim.o
                0x080067a2                HAL_TIM_TriggerCallback
 *fill*         0x080067b6        0x2 
 .text.TIM_Base_SetConfig
                0x080067b8      0x140 ./Drivers/STM32F4xx_HAL_Driver/Src/stm32f4xx_hal_tim.o
                0x080067b8                TIM_Base_SetConfig
 .text.TIM_TI1_ConfigInputStage
                0x080068f8       0x5e ./Drivers/STM32F4xx_HAL_Driver/Src/stm32f4xx_hal_tim.o
 .text.TIM_TI2_ConfigInputStage
                0x08006956       0x60 ./Drivers/STM32F4xx_HAL_Driver/Src/stm32f4xx_hal_tim.o
 .text.TIM_ITRx_SetConfig
                0x080069b6       0x36 ./Drivers/STM32F4xx_HAL_Driver/Src/stm32f4xx_hal_tim.o
 .text.TIM_ETR_SetConfig
                0x080069ec       0x40 ./Drivers/STM32F4xx_HAL_Driver/Src/stm32f4xx_hal_tim.o
                0x080069ec                TIM_ETR_SetConfig
 .text.HAL_TIMEx_MasterConfigSynchronization
                0x08006a2c       0xf8 ./Drivers/STM32F4xx_HAL_Driver/Src/stm32f4xx_hal_tim_ex.o
                0x08006a2c                HAL_TIMEx_MasterConfigSynchronization
 .text.HAL_TIMEx_CommutCallback
                0x08006b24       0x14 ./Drivers/STM32F4xx_HAL_Driver/Src/stm32f4xx_hal_tim_ex.o
                0x08006b24                HAL_TIMEx_CommutCallback
 .text.HAL_TIMEx_BreakCallback
                0x08006b38       0x14 ./Drivers/STM32F4xx_HAL_Driver/Src/stm32f4xx_hal_tim_ex.o
                0x08006b38                HAL_TIMEx_BreakCallback
 .text.FSMC_NORSRAM_Init
                0x08006b4c       0xa4 ./Drivers/STM32F4xx_HAL_Driver/Src/stm32f4xx_ll_fsmc.o
                0x08006b4c                FSMC_NORSRAM_Init
 .text.FSMC_NORSRAM_Timing_Init
                0x08006bf0       0x7a ./Drivers/STM32F4xx_HAL_Driver/Src/stm32f4xx_ll_fsmc.o
                0x08006bf0                FSMC_NORSRAM_Timing_Init
 *fill*         0x08006c6a        0x2 
 .text.FSMC_NORSRAM_Extended_Timing_Init
                0x08006c6c       0x80 ./Drivers/STM32F4xx_HAL_Driver/Src/stm32f4xx_ll_fsmc.o
                0x08006c6c                FSMC_NORSRAM_Extended_Timing_Init
 .text.memset   0x08006cec       0x10 C:/ST/STM32CubeIDE_1.16.1/STM32CubeIDE/plugins/com.st.stm32cube.ide.mcu.externaltools.gnu-tools-for-stm32.12.3.rel1.win32_1.0.200.202406191623/tools/bin/../lib/gcc/arm-none-eabi/12.3.1/../../../../arm-none-eabi/lib/thumb/v7e-m+fp/hard\libc_nano.a(libc_a-memset.o)
                0x08006cec                memset
 .text.__libc_init_array
                0x08006cfc       0x48 C:/ST/STM32CubeIDE_1.16.1/STM32CubeIDE/plugins/com.st.stm32cube.ide.mcu.externaltools.gnu-tools-for-stm32.12.3.rel1.win32_1.0.200.202406191623/tools/bin/../lib/gcc/arm-none-eabi/12.3.1/../../../../arm-none-eabi/lib/thumb/v7e-m+fp/hard\libc_nano.a(libc_a-init.o)
                0x08006cfc                __libc_init_array
 *(.glue_7)
 .glue_7        0x08006d44        0x0 linker stubs
 *(.glue_7t)
 .glue_7t       0x08006d44        0x0 linker stubs
 *(.eh_frame)
 .eh_frame      0x08006d44        0x0 C:/ST/STM32CubeIDE_1.16.1/STM32CubeIDE/plugins/com.st.stm32cube.ide.mcu.externaltools.gnu-tools-for-stm32.12.3.rel1.win32_1.0.200.202406191623/tools/bin/../lib/gcc/arm-none-eabi/12.3.1/thumb/v7e-m+fp/hard/crtbegin.o
 *(.init)
 .init          0x08006d44        0x4 C:/ST/STM32CubeIDE_1.16.1/STM32CubeIDE/plugins/com.st.stm32cube.ide.mcu.externaltools.gnu-tools-for-stm32.12.3.rel1.win32_1.0.200.202406191623/tools/bin/../lib/gcc/arm-none-eabi/12.3.1/thumb/v7e-m+fp/hard/crti.o
                0x08006d44                _init
 .init          0x08006d48        0x8 C:/ST/STM32CubeIDE_1.16.1/STM32CubeIDE/plugins/com.st.stm32cube.ide.mcu.externaltools.gnu-tools-for-stm32.12.3.rel1.win32_1.0.200.202406191623/tools/bin/../lib/gcc/arm-none-eabi/12.3.1/thumb/v7e-m+fp/hard/crtn.o
 *(.fini)
 .fini          0x08006d50        0x4 C:/ST/STM32CubeIDE_1.16.1/STM32CubeIDE/plugins/com.st.stm32cube.ide.mcu.externaltools.gnu-tools-for-stm32.12.3.rel1.win32_1.0.200.202406191623/tools/bin/../lib/gcc/arm-none-eabi/12.3.1/thumb/v7e-m+fp/hard/crti.o
                0x08006d50                _fini
 .fini          0x08006d54        0x8 C:/ST/STM32CubeIDE_1.16.1/STM32CubeIDE/plugins/com.st.stm32cube.ide.mcu.externaltools.gnu-tools-for-stm32.12.3.rel1.win32_1.0.200.202406191623/tools/bin/../lib/gcc/arm-none-eabi/12.3.1/thumb/v7e-m+fp/hard/crtn.o
                0x08006d5c                        . = ALIGN (0x4)
                0x08006d5c                        _etext = .

.vfp11_veneer   0x08006d5c        0x0
 .vfp11_veneer  0x08006d5c        0x0 linker stubs

.v4_bx          0x08006d5c        0x0
 .v4_bx         0x08006d5c        0x0 linker stubs

.iplt           0x08006d5c        0x0
 .iplt          0x08006d5c        0x0 C:/ST/STM32CubeIDE_1.16.1/STM32CubeIDE/plugins/com.st.stm32cube.ide.mcu.externaltools.gnu-tools-for-stm32.12.3.rel1.win32_1.0.200.202406191623/tools/bin/../lib/gcc/arm-none-eabi/12.3.1/thumb/v7e-m+fp/hard/crtbegin.o

.rodata         0x08006d5c     0x2fc0
                0x08006d5c                        . = ALIGN (0x4)
 *(.rodata)
 .rodata        0x08006d5c       0x25 ./Core/Src/clock_fsm.o
 *(.rodata*)
 *fill*         0x08006d81        0x3 
 .rodata.ascii_1608
                0x08006d84      0x5f0 ./Core/Src/lcd.o
                0x08006d84                ascii_1608
 .rodata.ascii_2412
                0x08007374     0x11d0 ./Core/Src/lcd.o
                0x08007374                ascii_2412
 .rodata.ascii_3216
                0x08008544     0x17c0 ./Core/Src/lcd.o
                0x08008544                ascii_3216
 .rodata.AHBPrescTable
                0x08009d04       0x10 ./Core/Src/system_stm32f4xx.o
                0x08009d04                AHBPrescTable
 .rodata.APBPrescTable
                0x08009d14        0x8 ./Core/Src/system_stm32f4xx.o
                0x08009d14                APBPrescTable
                0x08009d1c                        . = ALIGN (0x4)

.ARM.extab      0x08009d1c        0x0
                0x08009d1c                        . = ALIGN (0x4)
 *(.ARM.extab* .gnu.linkonce.armextab.*)
                0x08009d1c                        . = ALIGN (0x4)

.ARM            0x08009d1c        0x8
                0x08009d1c                        . = ALIGN (0x4)
                0x08009d1c                        __exidx_start = .
 *(.ARM.exidx*)
 .ARM.exidx     0x08009d1c        0x8 C:/ST/STM32CubeIDE_1.16.1/STM32CubeIDE/plugins/com.st.stm32cube.ide.mcu.externaltools.gnu-tools-for-stm32.12.3.rel1.win32_1.0.200.202406191623/tools/bin/../lib/gcc/arm-none-eabi/12.3.1/thumb/v7e-m+fp/hard\libgcc.a(_udivmoddi4.o)
                0x08009d24                        __exidx_end = .
                0x08009d24                        . = ALIGN (0x4)

.rel.dyn        0x08009d24        0x0
 .rel.iplt      0x08009d24        0x0 C:/ST/STM32CubeIDE_1.16.1/STM32CubeIDE/plugins/com.st.stm32cube.ide.mcu.externaltools.gnu-tools-for-stm32.12.3.rel1.win32_1.0.200.202406191623/tools/bin/../lib/gcc/arm-none-eabi/12.3.1/thumb/v7e-m+fp/hard/crtbegin.o

.preinit_array  0x08009d24        0x0
                0x08009d24                        . = ALIGN (0x4)
                0x08009d24                        PROVIDE (__preinit_array_start = .)
 *(.preinit_array*)
                0x08009d24                        PROVIDE (__preinit_array_end = .)
                0x08009d24                        . = ALIGN (0x4)

.init_array     0x08009d24        0x4
                0x08009d24                        . = ALIGN (0x4)
                0x08009d24                        PROVIDE (__init_array_start = .)
 *(SORT_BY_NAME(.init_array.*))
 *(.init_array*)
 .init_array    0x08009d24        0x4 C:/ST/STM32CubeIDE_1.16.1/STM32CubeIDE/plugins/com.st.stm32cube.ide.mcu.externaltools.gnu-tools-for-stm32.12.3.rel1.win32_1.0.200.202406191623/tools/bin/../lib/gcc/arm-none-eabi/12.3.1/thumb/v7e-m+fp/hard/crtbegin.o
                0x08009d28                        PROVIDE (__init_array_end = .)
                0x08009d28                        . = ALIGN (0x4)

.fini_array     0x08009d28        0x4
                0x08009d28                        . = ALIGN (0x4)
                [!provide]                        PROVIDE (__fini_array_start = .)
 *(SORT_BY_NAME(.fini_array.*))
 *(.fini_array*)
 .fini_array    0x08009d28        0x4 C:/ST/STM32CubeIDE_1.16.1/STM32CubeIDE/plugins/com.st.stm32cube.ide.mcu.externaltools.gnu-tools-for-stm32.12.3.rel1.win32_1.0.200.202406191623/tools/bin/../lib/gcc/arm-none-eabi/12.3.1/thumb/v7e-m+fp/hard/crtbegin.o
                [!provide]                        PROVIDE (__fini_array_end = .)
                0x08009d2c                        . = ALIGN (0x4)
                0x08009d2c                        _sidata = LOADADDR (.data)

.data           0x20000000       0x14 load address 0x08009d2c
                0x20000000                        . = ALIGN (0x4)
                0x20000000                        _sdata = .
 *(.data)
 *(.data*)
 .data.led7seg  0x20000000        0x4 ./Core/Src/led_7seg.o
                0x20000000                led7seg
 .data.spi_buffer
                0x20000004        0x2 ./Core/Src/led_7seg.o
                0x20000004                spi_buffer
 *fill*         0x20000006        0x2 
 .data.SystemCoreClock
                0x20000008        0x4 ./Core/Src/system_stm32f4xx.o
                0x20000008                SystemCoreClock
 .data.uwTickPrio
                0x2000000c        0x4 ./Drivers/STM32F4xx_HAL_Driver/Src/stm32f4xx_hal.o
                0x2000000c                uwTickPrio
 .data.uwTickFreq
                0x20000010        0x1 ./Drivers/STM32F4xx_HAL_Driver/Src/stm32f4xx_hal.o
                0x20000010                uwTickFreq
 *(.RamFunc)
 *(.RamFunc*)
                0x20000014                        . = ALIGN (0x4)
 *fill*         0x20000011        0x3 
                0x20000014                        _edata = .
                0x08009d40                        _siccmram = LOADADDR (.ccmram)

.igot.plt       0x20000014        0x0 load address 0x08009d40
 .igot.plt      0x20000014        0x0 C:/ST/STM32CubeIDE_1.16.1/STM32CubeIDE/plugins/com.st.stm32cube.ide.mcu.externaltools.gnu-tools-for-stm32.12.3.rel1.win32_1.0.200.202406191623/tools/bin/../lib/gcc/arm-none-eabi/12.3.1/thumb/v7e-m+fp/hard/crtbegin.o

.ccmram         0x10000000        0x0 load address 0x08009d40
                0x10000000                        . = ALIGN (0x4)
                0x10000000                        _sccmram = .
 *(.ccmram)
 *(.ccmram*)
                0x10000000                        . = ALIGN (0x4)
                0x10000000                        _eccmram = .
                0x10000000                        . = ALIGN (0x4)

.bss            0x20000014      0x1fc
                0x20000014                        _sbss = .
                0x20000014                        __bss_start__ = _sbss
 *(.bss)
 .bss           0x20000014       0x1c C:/ST/STM32CubeIDE_1.16.1/STM32CubeIDE/plugins/com.st.stm32cube.ide.mcu.externaltools.gnu-tools-for-stm32.12.3.rel1.win32_1.0.200.202406191623/tools/bin/../lib/gcc/arm-none-eabi/12.3.1/thumb/v7e-m+fp/hard/crtbegin.o
 *(.bss*)
 .bss.button_count
                0x20000030       0x20 ./Core/Src/button.o
                0x20000030                button_count
 .bss.spi_button
                0x20000050        0x2 ./Core/Src/button.o
                0x20000050                spi_button
 .bss.clockState
                0x20000052        0x1 ./Core/Src/clock_fsm.o
                0x20000052                clockState
 .bss.clockModifyState
                0x20000053        0x1 ./Core/Src/clock_fsm.o
                0x20000053                clockModifyState
 .bss.isRemind  0x20000054        0x4 ./Core/Src/clock_fsm.o
                0x20000054                isRemind
 .bss.displayDate
                0x20000058        0x4 ./Core/Src/clock_fsm.o
                0x20000058                displayDate
 .bss.displayMonth
                0x2000005c        0x4 ./Core/Src/clock_fsm.o
                0x2000005c                displayMonth
 .bss.displayYear
                0x20000060        0x4 ./Core/Src/clock_fsm.o
                0x20000060                displayYear
 .bss.displayDay
                0x20000064        0x4 ./Core/Src/clock_fsm.o
                0x20000064                displayDay
 .bss.displayHour
                0x20000068        0x4 ./Core/Src/clock_fsm.o
                0x20000068                displayHour
 .bss.displayMinute
                0x2000006c        0x4 ./Core/Src/clock_fsm.o
                0x2000006c                displayMinute
 .bss.displaySecond
                0x20000070        0x4 ./Core/Src/clock_fsm.o
                0x20000070                displaySecond
 .bss.remindDate
                0x20000074        0x4 ./Core/Src/clock_fsm.o
                0x20000074                remindDate
 .bss.remindMonth
                0x20000078        0x4 ./Core/Src/clock_fsm.o
                0x20000078                remindMonth
 .bss.remindYear
                0x2000007c        0x4 ./Core/Src/clock_fsm.o
                0x2000007c                remindYear
 .bss.remindDay
                0x20000080        0x4 ./Core/Src/clock_fsm.o
                0x20000080                remindDay
 .bss.remindHour
                0x20000084        0x4 ./Core/Src/clock_fsm.o
                0x20000084                remindHour
 .bss.remindMinute
                0x20000088        0x4 ./Core/Src/clock_fsm.o
                0x20000088                remindMinute
 .bss.remindSecond
                0x2000008c        0x4 ./Core/Src/clock_fsm.o
                0x2000008c                remindSecond
 .bss.toggleVar
                0x20000090        0x4 ./Core/Src/displayTime.o
                0x20000090                toggleVar
 .bss.ds3231_buffer
                0x20000094        0x7 ./Core/Src/ds3231.o
                0x20000094                ds3231_buffer
 .bss.ds3231_hours
                0x2000009b        0x1 ./Core/Src/ds3231.o
                0x2000009b                ds3231_hours
 .bss.ds3231_min
                0x2000009c        0x1 ./Core/Src/ds3231.o
                0x2000009c                ds3231_min
 .bss.ds3231_sec
                0x2000009d        0x1 ./Core/Src/ds3231.o
                0x2000009d                ds3231_sec
 .bss.ds3231_date
                0x2000009e        0x1 ./Core/Src/ds3231.o
                0x2000009e                ds3231_date
 .bss.ds3231_day
                0x2000009f        0x1 ./Core/Src/ds3231.o
                0x2000009f                ds3231_day
 .bss.ds3231_month
                0x200000a0        0x1 ./Core/Src/ds3231.o
                0x200000a0                ds3231_month
 .bss.ds3231_year
                0x200000a1        0x1 ./Core/Src/ds3231.o
                0x200000a1                ds3231_year
 *fill*         0x200000a2        0x2 
 .bss.hsram1    0x200000a4       0x50 ./Core/Src/fsmc.o
                0x200000a4                hsram1
 .bss.FSMC_Initialized
                0x200000f4        0x4 ./Core/Src/fsmc.o
 .bss.hi2c1     0x200000f8       0x54 ./Core/Src/i2c.o
                0x200000f8                hi2c1
 .bss.lcddev    0x2000014c        0x6 ./Core/Src/lcd.o
                0x2000014c                lcddev
 *fill*         0x20000152        0x2 
 .bss.led7_index
                0x20000154        0x4 ./Core/Src/led_7seg.o
                0x20000154                led7_index
 .bss.flag_timer2
                0x20000158        0x2 ./Core/Src/software_timer.o
                0x20000158                flag_timer2
 .bss.timer2_counter
                0x2000015a        0x2 ./Core/Src/software_timer.o
                0x2000015a                timer2_counter
 .bss.timer2_MUL
                0x2000015c        0x2 ./Core/Src/software_timer.o
                0x2000015c                timer2_MUL
 .bss.flag_timer3
                0x2000015e        0x2 ./Core/Src/software_timer.o
                0x2000015e                flag_timer3
 .bss.timer3_counter
                0x20000160        0x2 ./Core/Src/software_timer.o
                0x20000160                timer3_counter
 .bss.timer3_MUL
                0x20000162        0x2 ./Core/Src/software_timer.o
                0x20000162                timer3_MUL
 .bss.flag_timer4
                0x20000164        0x2 ./Core/Src/software_timer.o
                0x20000164                flag_timer4
 .bss.timer4_counter
                0x20000166        0x2 ./Core/Src/software_timer.o
                0x20000166                timer4_counter
 .bss.timer4_MUL
                0x20000168        0x2 ./Core/Src/software_timer.o
                0x20000168                timer4_MUL
 *fill*         0x2000016a        0x2 
 .bss.hspi1     0x2000016c       0x58 ./Core/Src/spi.o
                0x2000016c                hspi1
 .bss.htim2     0x200001c4       0x48 ./Core/Src/tim.o
                0x200001c4                htim2
 .bss.uwTick    0x2000020c        0x4 ./Drivers/STM32F4xx_HAL_Driver/Src/stm32f4xx_hal.o
                0x2000020c                uwTick
 *(COMMON)
                0x20000210                        . = ALIGN (0x4)
                0x20000210                        _ebss = .
                0x20000210                        __bss_end__ = _ebss

._user_heap_stack
                0x20000210      0x600
                0x20000210                        . = ALIGN (0x8)
                [!provide]                        PROVIDE (end = .)
                0x20000210                        PROVIDE (_end = .)
                0x20000410                        . = (. + _Min_Heap_Size)
 *fill*         0x20000210      0x200 
                0x20000810                        . = (. + _Min_Stack_Size)
 *fill*         0x20000410      0x400 
                0x20000810                        . = ALIGN (0x8)

/DISCARD/
 libc.a(*)
 libm.a(*)
 libgcc.a(*)

.ARM.attributes
                0x00000000       0x30
 *(.ARM.attributes)
 .ARM.attributes
                0x00000000       0x22 C:/ST/STM32CubeIDE_1.16.1/STM32CubeIDE/plugins/com.st.stm32cube.ide.mcu.externaltools.gnu-tools-for-stm32.12.3.rel1.win32_1.0.200.202406191623/tools/bin/../lib/gcc/arm-none-eabi/12.3.1/thumb/v7e-m+fp/hard/crti.o
 .ARM.attributes
                0x00000022       0x34 C:/ST/STM32CubeIDE_1.16.1/STM32CubeIDE/plugins/com.st.stm32cube.ide.mcu.externaltools.gnu-tools-for-stm32.12.3.rel1.win32_1.0.200.202406191623/tools/bin/../lib/gcc/arm-none-eabi/12.3.1/thumb/v7e-m+fp/hard/crtbegin.o
 .ARM.attributes
                0x00000056       0x34 ./Core/Src/button.o
 .ARM.attributes
                0x0000008a       0x34 ./Core/Src/clock_fsm.o
 .ARM.attributes
                0x000000be       0x34 ./Core/Src/displayTime.o
 .ARM.attributes
                0x000000f2       0x34 ./Core/Src/ds3231.o
 .ARM.attributes
                0x00000126       0x34 ./Core/Src/fsmc.o
 .ARM.attributes
                0x0000015a       0x34 ./Core/Src/gpio.o
 .ARM.attributes
                0x0000018e       0x34 ./Core/Src/i2c.o
 .ARM.attributes
                0x000001c2       0x34 ./Core/Src/lcd.o
 .ARM.attributes
                0x000001f6       0x34 ./Core/Src/led_7seg.o
 .ARM.attributes
                0x0000022a       0x34 ./Core/Src/main.o
 .ARM.attributes
                0x0000025e       0x34 ./Core/Src/software_timer.o
 .ARM.attributes
                0x00000292       0x34 ./Core/Src/spi.o
 .ARM.attributes
                0x000002c6       0x34 ./Core/Src/stm32f4xx_hal_msp.o
 .ARM.attributes
                0x000002fa       0x34 ./Core/Src/stm32f4xx_it.o
 .ARM.attributes
                0x0000032e       0x34 ./Core/Src/system_stm32f4xx.o
 .ARM.attributes
                0x00000362       0x34 ./Core/Src/tim.o
 .ARM.attributes
                0x00000396       0x34 ./Core/Src/utils.o
 .ARM.attributes
                0x000003ca       0x21 ./Core/Startup/startup_stm32f407zetx.o
 .ARM.attributes
                0x000003eb       0x34 ./Drivers/STM32F4xx_HAL_Driver/Src/stm32f4xx_hal.o
 .ARM.attributes
                0x0000041f       0x34 ./Drivers/STM32F4xx_HAL_Driver/Src/stm32f4xx_hal_cortex.o
 .ARM.attributes
                0x00000453       0x34 ./Drivers/STM32F4xx_HAL_Driver/Src/stm32f4xx_hal_gpio.o
 .ARM.attributes
                0x00000487       0x34 ./Drivers/STM32F4xx_HAL_Driver/Src/stm32f4xx_hal_i2c.o
 .ARM.attributes
                0x000004bb       0x34 ./Drivers/STM32F4xx_HAL_Driver/Src/stm32f4xx_hal_rcc.o
 .ARM.attributes
                0x000004ef       0x34 ./Drivers/STM32F4xx_HAL_Driver/Src/stm32f4xx_hal_spi.o
 .ARM.attributes
                0x00000523       0x34 ./Drivers/STM32F4xx_HAL_Driver/Src/stm32f4xx_hal_sram.o
 .ARM.attributes
                0x00000557       0x34 ./Drivers/STM32F4xx_HAL_Driver/Src/stm32f4xx_hal_tim.o
 .ARM.attributes
                0x0000058b       0x34 ./Drivers/STM32F4xx_HAL_Driver/Src/stm32f4xx_hal_tim_ex.o
 .ARM.attributes
                0x000005bf       0x34 ./Drivers/STM32F4xx_HAL_Driver/Src/stm32f4xx_ll_fsmc.o
 .ARM.attributes
                0x000005f3       0x34 C:/ST/STM32CubeIDE_1.16.1/STM32CubeIDE/plugins/com.st.stm32cube.ide.mcu.externaltools.gnu-tools-for-stm32.12.3.rel1.win32_1.0.200.202406191623/tools/bin/../lib/gcc/arm-none-eabi/12.3.1/../../../../arm-none-eabi/lib/thumb/v7e-m+fp/hard\libc_nano.a(libc_a-memset.o)
 .ARM.attributes
                0x00000627       0x34 C:/ST/STM32CubeIDE_1.16.1/STM32CubeIDE/plugins/com.st.stm32cube.ide.mcu.externaltools.gnu-tools-for-stm32.12.3.rel1.win32_1.0.200.202406191623/tools/bin/../lib/gcc/arm-none-eabi/12.3.1/../../../../arm-none-eabi/lib/thumb/v7e-m+fp/hard\libc_nano.a(libc_a-init.o)
 .ARM.attributes
                0x0000065b       0x22 C:/ST/STM32CubeIDE_1.16.1/STM32CubeIDE/plugins/com.st.stm32cube.ide.mcu.externaltools.gnu-tools-for-stm32.12.3.rel1.win32_1.0.200.202406191623/tools/bin/../lib/gcc/arm-none-eabi/12.3.1/thumb/v7e-m+fp/hard\libgcc.a(_aeabi_uldivmod.o)
 .ARM.attributes
                0x0000067d       0x34 C:/ST/STM32CubeIDE_1.16.1/STM32CubeIDE/plugins/com.st.stm32cube.ide.mcu.externaltools.gnu-tools-for-stm32.12.3.rel1.win32_1.0.200.202406191623/tools/bin/../lib/gcc/arm-none-eabi/12.3.1/thumb/v7e-m+fp/hard\libgcc.a(_udivmoddi4.o)
 .ARM.attributes
                0x000006b1       0x22 C:/ST/STM32CubeIDE_1.16.1/STM32CubeIDE/plugins/com.st.stm32cube.ide.mcu.externaltools.gnu-tools-for-stm32.12.3.rel1.win32_1.0.200.202406191623/tools/bin/../lib/gcc/arm-none-eabi/12.3.1/thumb/v7e-m+fp/hard\libgcc.a(_dvmd_tls.o)
 .ARM.attributes
                0x000006d3       0x22 C:/ST/STM32CubeIDE_1.16.1/STM32CubeIDE/plugins/com.st.stm32cube.ide.mcu.externaltools.gnu-tools-for-stm32.12.3.rel1.win32_1.0.200.202406191623/tools/bin/../lib/gcc/arm-none-eabi/12.3.1/thumb/v7e-m+fp/hard/crtn.o
OUTPUT(Bai4_I2C_Realtimeclock.elf elf32-littlearm)
LOAD linker stubs
LOAD C:/ST/STM32CubeIDE_1.16.1/STM32CubeIDE/plugins/com.st.stm32cube.ide.mcu.externaltools.gnu-tools-for-stm32.12.3.rel1.win32_1.0.200.202406191623/tools/bin/../lib/gcc/arm-none-eabi/12.3.1/../../../../arm-none-eabi/lib/thumb/v7e-m+fp/hard\libc.a
LOAD C:/ST/STM32CubeIDE_1.16.1/STM32CubeIDE/plugins/com.st.stm32cube.ide.mcu.externaltools.gnu-tools-for-stm32.12.3.rel1.win32_1.0.200.202406191623/tools/bin/../lib/gcc/arm-none-eabi/12.3.1/../../../../arm-none-eabi/lib/thumb/v7e-m+fp/hard\libm.a
LOAD C:/ST/STM32CubeIDE_1.16.1/STM32CubeIDE/plugins/com.st.stm32cube.ide.mcu.externaltools.gnu-tools-for-stm32.12.3.rel1.win32_1.0.200.202406191623/tools/bin/../lib/gcc/arm-none-eabi/12.3.1/thumb/v7e-m+fp/hard\libgcc.a

.debug_info     0x00000000    0x12e8a
 .debug_info    0x00000000      0x76e ./Core/Src/button.o
 .debug_info    0x0000076e      0x52f ./Core/Src/clock_fsm.o
 .debug_info    0x00000c9d      0x560 ./Core/Src/displayTime.o
 .debug_info    0x000011fd      0x7d5 ./Core/Src/ds3231.o
 .debug_info    0x000019d2      0x99a ./Core/Src/fsmc.o
 .debug_info    0x0000236c      0x45d ./Core/Src/gpio.o
 .debug_info    0x000027c9      0x968 ./Core/Src/i2c.o
 .debug_info    0x00003131      0xe15 ./Core/Src/lcd.o
 .debug_info    0x00003f46      0x803 ./Core/Src/led_7seg.o
 .debug_info    0x00004749      0x82a ./Core/Src/main.o
 .debug_info    0x00004f73      0x7db ./Core/Src/software_timer.o
 .debug_info    0x0000574e      0x943 ./Core/Src/spi.o
 .debug_info    0x00006091      0x269 ./Core/Src/stm32f4xx_hal_msp.o
 .debug_info    0x000062fa      0x6e1 ./Core/Src/stm32f4xx_it.o
 .debug_info    0x000069db      0x512 ./Core/Src/system_stm32f4xx.o
 .debug_info    0x00006eed      0xbf9 ./Core/Src/tim.o
 .debug_info    0x00007ae6       0xd5 ./Core/Src/utils.o
 .debug_info    0x00007bbb       0x30 ./Core/Startup/startup_stm32f407zetx.o
 .debug_info    0x00007beb      0x948 ./Drivers/STM32F4xx_HAL_Driver/Src/stm32f4xx_hal.o
 .debug_info    0x00008533      0xd46 ./Drivers/STM32F4xx_HAL_Driver/Src/stm32f4xx_hal_cortex.o
 .debug_info    0x00009279      0x6c3 ./Drivers/STM32F4xx_HAL_Driver/Src/stm32f4xx_hal_gpio.o
 .debug_info    0x0000993c     0x23e1 ./Drivers/STM32F4xx_HAL_Driver/Src/stm32f4xx_hal_i2c.o
 .debug_info    0x0000bd1d      0x8b1 ./Drivers/STM32F4xx_HAL_Driver/Src/stm32f4xx_hal_rcc.o
 .debug_info    0x0000c5ce     0x15fb ./Drivers/STM32F4xx_HAL_Driver/Src/stm32f4xx_hal_spi.o
 .debug_info    0x0000dbc9      0xb3e ./Drivers/STM32F4xx_HAL_Driver/Src/stm32f4xx_hal_sram.o
 .debug_info    0x0000e707     0x2949 ./Drivers/STM32F4xx_HAL_Driver/Src/stm32f4xx_hal_tim.o
 .debug_info    0x00011050     0x14ae ./Drivers/STM32F4xx_HAL_Driver/Src/stm32f4xx_hal_tim_ex.o
 .debug_info    0x000124fe      0x98c ./Drivers/STM32F4xx_HAL_Driver/Src/stm32f4xx_ll_fsmc.o

.debug_abbrev   0x00000000     0x3483
 .debug_abbrev  0x00000000      0x1dd ./Core/Src/button.o
 .debug_abbrev  0x000001dd      0x15c ./Core/Src/clock_fsm.o
 .debug_abbrev  0x00000339       0xd5 ./Core/Src/displayTime.o
 .debug_abbrev  0x0000040e      0x1cf ./Core/Src/ds3231.o
 .debug_abbrev  0x000005dd      0x215 ./Core/Src/fsmc.o
 .debug_abbrev  0x000007f2      0x152 ./Core/Src/gpio.o
 .debug_abbrev  0x00000944      0x1f1 ./Core/Src/i2c.o
 .debug_abbrev  0x00000b35      0x32a ./Core/Src/lcd.o
 .debug_abbrev  0x00000e5f      0x1cc ./Core/Src/led_7seg.o
 .debug_abbrev  0x0000102b      0x2cb ./Core/Src/main.o
 .debug_abbrev  0x000012f6      0x1ea ./Core/Src/software_timer.o
 .debug_abbrev  0x000014e0      0x1f3 ./Core/Src/spi.o
 .debug_abbrev  0x000016d3       0xd8 ./Core/Src/stm32f4xx_hal_msp.o
 .debug_abbrev  0x000017ab      0x192 ./Core/Src/stm32f4xx_it.o
 .debug_abbrev  0x0000193d      0x11a ./Core/Src/system_stm32f4xx.o
 .debug_abbrev  0x00001a57      0x1f0 ./Core/Src/tim.o
 .debug_abbrev  0x00001c47       0x86 ./Core/Src/utils.o
 .debug_abbrev  0x00001ccd       0x24 ./Core/Startup/startup_stm32f407zetx.o
 .debug_abbrev  0x00001cf1      0x213 ./Drivers/STM32F4xx_HAL_Driver/Src/stm32f4xx_hal.o
 .debug_abbrev  0x00001f04      0x327 ./Drivers/STM32F4xx_HAL_Driver/Src/stm32f4xx_hal_cortex.o
 .debug_abbrev  0x0000222b      0x1d4 ./Drivers/STM32F4xx_HAL_Driver/Src/stm32f4xx_hal_gpio.o
 .debug_abbrev  0x000023ff      0x2ad ./Drivers/STM32F4xx_HAL_Driver/Src/stm32f4xx_hal_i2c.o
 .debug_abbrev  0x000026ac      0x2b6 ./Drivers/STM32F4xx_HAL_Driver/Src/stm32f4xx_hal_rcc.o
 .debug_abbrev  0x00002962      0x284 ./Drivers/STM32F4xx_HAL_Driver/Src/stm32f4xx_hal_spi.o
 .debug_abbrev  0x00002be6      0x208 ./Drivers/STM32F4xx_HAL_Driver/Src/stm32f4xx_hal_sram.o
 .debug_abbrev  0x00002dee      0x271 ./Drivers/STM32F4xx_HAL_Driver/Src/stm32f4xx_hal_tim.o
 .debug_abbrev  0x0000305f      0x27c ./Drivers/STM32F4xx_HAL_Driver/Src/stm32f4xx_hal_tim_ex.o
 .debug_abbrev  0x000032db      0x1a8 ./Drivers/STM32F4xx_HAL_Driver/Src/stm32f4xx_ll_fsmc.o

.debug_aranges  0x00000000     0x12a0
 .debug_aranges
                0x00000000       0x28 ./Core/Src/button.o
 .debug_aranges
                0x00000028       0x40 ./Core/Src/clock_fsm.o
 .debug_aranges
                0x00000068       0x60 ./Core/Src/displayTime.o
 .debug_aranges
                0x000000c8       0x30 ./Core/Src/ds3231.o
 .debug_aranges
                0x000000f8       0x40 ./Core/Src/fsmc.o
 .debug_aranges
                0x00000138       0x20 ./Core/Src/gpio.o
 .debug_aranges
                0x00000158       0x30 ./Core/Src/i2c.o
 .debug_aranges
                0x00000188       0xe8 ./Core/Src/lcd.o
 .debug_aranges
                0x00000270       0x48 ./Core/Src/led_7seg.o
 .debug_aranges
                0x000002b8       0x70 ./Core/Src/main.o
 .debug_aranges
                0x00000328       0x40 ./Core/Src/software_timer.o
 .debug_aranges
                0x00000368       0x30 ./Core/Src/spi.o
 .debug_aranges
                0x00000398       0x20 ./Core/Src/stm32f4xx_hal_msp.o
 .debug_aranges
                0x000003b8       0x68 ./Core/Src/stm32f4xx_it.o
 .debug_aranges
                0x00000420       0x28 ./Core/Src/system_stm32f4xx.o
 .debug_aranges
                0x00000448       0x30 ./Core/Src/tim.o
 .debug_aranges
                0x00000478       0x28 ./Core/Src/utils.o
 .debug_aranges
                0x000004a0       0x28 ./Core/Startup/startup_stm32f407zetx.o
 .debug_aranges
                0x000004c8       0xf0 ./Drivers/STM32F4xx_HAL_Driver/Src/stm32f4xx_hal.o
 .debug_aranges
                0x000005b8      0x118 ./Drivers/STM32F4xx_HAL_Driver/Src/stm32f4xx_hal_cortex.o
 .debug_aranges
                0x000006d0       0x58 ./Drivers/STM32F4xx_HAL_Driver/Src/stm32f4xx_hal_gpio.o
 .debug_aranges
                0x00000728      0x2a0 ./Drivers/STM32F4xx_HAL_Driver/Src/stm32f4xx_hal_i2c.o
 .debug_aranges
                0x000009c8       0x88 ./Drivers/STM32F4xx_HAL_Driver/Src/stm32f4xx_hal_rcc.o
 .debug_aranges
                0x00000a50      0x1d0 ./Drivers/STM32F4xx_HAL_Driver/Src/stm32f4xx_hal_spi.o
 .debug_aranges
                0x00000c20       0xa0 ./Drivers/STM32F4xx_HAL_Driver/Src/stm32f4xx_hal_sram.o
 .debug_aranges
                0x00000cc0      0x3d0 ./Drivers/STM32F4xx_HAL_Driver/Src/stm32f4xx_hal_tim.o
 .debug_aranges
                0x00001090      0x168 ./Drivers/STM32F4xx_HAL_Driver/Src/stm32f4xx_hal_tim_ex.o
 .debug_aranges
                0x000011f8       0xa8 ./Drivers/STM32F4xx_HAL_Driver/Src/stm32f4xx_ll_fsmc.o

.debug_rnglists
                0x00000000      0xe65
 .debug_rnglists
                0x00000000       0x1a ./Core/Src/button.o
 .debug_rnglists
                0x0000001a       0x2d ./Core/Src/clock_fsm.o
 .debug_rnglists
                0x00000047       0x4c ./Core/Src/displayTime.o
 .debug_rnglists
                0x00000093       0x21 ./Core/Src/ds3231.o
 .debug_rnglists
                0x000000b4       0x2d ./Core/Src/fsmc.o
 .debug_rnglists
                0x000000e1       0x14 ./Core/Src/gpio.o
 .debug_rnglists
                0x000000f5       0x20 ./Core/Src/i2c.o
 .debug_rnglists
                0x00000115       0xb5 ./Core/Src/lcd.o
 .debug_rnglists
                0x000001ca       0x32 ./Core/Src/led_7seg.o
 .debug_rnglists
                0x000001fc       0x53 ./Core/Src/main.o
 .debug_rnglists
                0x0000024f       0x2c ./Core/Src/software_timer.o
 .debug_rnglists
                0x0000027b       0x20 ./Core/Src/spi.o
 .debug_rnglists
                0x0000029b       0x13 ./Core/Src/stm32f4xx_hal_msp.o
 .debug_rnglists
                0x000002ae       0x49 ./Core/Src/stm32f4xx_it.o
 .debug_rnglists
                0x000002f7       0x1a ./Core/Src/system_stm32f4xx.o
 .debug_rnglists
                0x00000311       0x20 ./Core/Src/tim.o
 .debug_rnglists
                0x00000331       0x19 ./Core/Src/utils.o
 .debug_rnglists
                0x0000034a       0x19 ./Core/Startup/startup_stm32f407zetx.o
 .debug_rnglists
                0x00000363       0xaf ./Drivers/STM32F4xx_HAL_Driver/Src/stm32f4xx_hal.o
 .debug_rnglists
                0x00000412       0xce ./Drivers/STM32F4xx_HAL_Driver/Src/stm32f4xx_hal_cortex.o
 .debug_rnglists
                0x000004e0       0x3f ./Drivers/STM32F4xx_HAL_Driver/Src/stm32f4xx_hal_gpio.o
 .debug_rnglists
                0x0000051f      0x23f ./Drivers/STM32F4xx_HAL_Driver/Src/stm32f4xx_hal_i2c.o
 .debug_rnglists
                0x0000075e       0x66 ./Drivers/STM32F4xx_HAL_Driver/Src/stm32f4xx_hal_rcc.o
 .debug_rnglists
                0x000007c4      0x16f ./Drivers/STM32F4xx_HAL_Driver/Src/stm32f4xx_hal_spi.o
 .debug_rnglists
                0x00000933       0x76 ./Drivers/STM32F4xx_HAL_Driver/Src/stm32f4xx_hal_sram.o
 .debug_rnglists
                0x000009a9      0x31a ./Drivers/STM32F4xx_HAL_Driver/Src/stm32f4xx_hal_tim.o
 .debug_rnglists
                0x00000cc3      0x125 ./Drivers/STM32F4xx_HAL_Driver/Src/stm32f4xx_hal_tim_ex.o
 .debug_rnglists
                0x00000de8       0x7d ./Drivers/STM32F4xx_HAL_Driver/Src/stm32f4xx_ll_fsmc.o

.debug_macro    0x00000000    0x23912
 .debug_macro   0x00000000      0x230 ./Core/Src/button.o
 .debug_macro   0x00000230      0xab4 ./Core/Src/button.o
 .debug_macro   0x00000ce4      0x2a7 ./Core/Src/button.o
 .debug_macro   0x00000f8b       0x2e ./Core/Src/button.o
 .debug_macro   0x00000fb9       0x2f ./Core/Src/button.o
 .debug_macro   0x00000fe8       0x22 ./Core/Src/button.o
 .debug_macro   0x0000100a       0x8e ./Core/Src/button.o
 .debug_macro   0x00001098       0x51 ./Core/Src/button.o
 .debug_macro   0x000010e9      0x103 ./Core/Src/button.o
 .debug_macro   0x000011ec       0x6a ./Core/Src/button.o
 .debug_macro   0x00001256      0x1df ./Core/Src/button.o
 .debug_macro   0x00001435       0x1c ./Core/Src/button.o
 .debug_macro   0x00001451       0x22 ./Core/Src/button.o
 .debug_macro   0x00001473       0xd9 ./Core/Src/button.o
 .debug_macro   0x0000154c     0x102d ./Core/Src/button.o
 .debug_macro   0x00002579      0x11f ./Core/Src/button.o
 .debug_macro   0x00002698    0x15e58 ./Core/Src/button.o
 .debug_macro   0x000184f0       0x6d ./Core/Src/button.o
 .debug_macro   0x0001855d     0x3666 ./Core/Src/button.o
 .debug_macro   0x0001bbc3      0x189 ./Core/Src/button.o
 .debug_macro   0x0001bd4c       0x5c ./Core/Src/button.o
 .debug_macro   0x0001bda8      0x96b ./Core/Src/button.o
 .debug_macro   0x0001c713      0x9fe ./Core/Src/button.o
 .debug_macro   0x0001d111      0x116 ./Core/Src/button.o
 .debug_macro   0x0001d227      0x13e ./Core/Src/button.o
 .debug_macro   0x0001d365       0xa5 ./Core/Src/button.o
 .debug_macro   0x0001d40a      0x174 ./Core/Src/button.o
 .debug_macro   0x0001d57e      0x287 ./Core/Src/button.o
 .debug_macro   0x0001d805       0x5f ./Core/Src/button.o
 .debug_macro   0x0001d864      0x236 ./Core/Src/button.o
 .debug_macro   0x0001da9a      0x12c ./Core/Src/button.o
 .debug_macro   0x0001dbc6      0x21e ./Core/Src/button.o
 .debug_macro   0x0001dde4       0x2e ./Core/Src/button.o
 .debug_macro   0x0001de12      0x543 ./Core/Src/button.o
 .debug_macro   0x0001e355      0x1b5 ./Core/Src/button.o
 .debug_macro   0x0001e50a       0xd6 ./Core/Src/button.o
 .debug_macro   0x0001e5e0      0x11a ./Core/Src/button.o
 .debug_macro   0x0001e6fa       0x7e ./Core/Src/button.o
 .debug_macro   0x0001e778       0x89 ./Core/Src/button.o
 .debug_macro   0x0001e801      0x225 ./Core/Src/button.o
 .debug_macro   0x0001ea26      0x8d1 ./Core/Src/button.o
 .debug_macro   0x0001f2f7       0x47 ./Core/Src/button.o
 .debug_macro   0x0001f33e      0x12d ./Core/Src/button.o
 .debug_macro   0x0001f46b       0x88 ./Core/Src/button.o
 .debug_macro   0x0001f4f3      0x3bb ./Core/Src/clock_fsm.o
 .debug_macro   0x0001f8ae       0x2a ./Core/Src/clock_fsm.o
 .debug_macro   0x0001f8d8       0x61 ./Core/Src/clock_fsm.o
 .debug_macro   0x0001f939       0x43 ./Core/Src/clock_fsm.o
 .debug_macro   0x0001f97c       0x34 ./Core/Src/clock_fsm.o
 .debug_macro   0x0001f9b0       0x16 ./Core/Src/clock_fsm.o
 .debug_macro   0x0001f9c6       0x35 ./Core/Src/clock_fsm.o
 .debug_macro   0x0001f9fb       0x16 ./Core/Src/clock_fsm.o
 .debug_macro   0x0001fa11       0x43 ./Core/Src/clock_fsm.o
 .debug_macro   0x0001fa54       0x34 ./Core/Src/clock_fsm.o
 .debug_macro   0x0001fa88       0x10 ./Core/Src/clock_fsm.o
 .debug_macro   0x0001fa98       0x58 ./Core/Src/clock_fsm.o
 .debug_macro   0x0001faf0       0x8e ./Core/Src/clock_fsm.o
 .debug_macro   0x0001fb7e       0x1c ./Core/Src/clock_fsm.o
 .debug_macro   0x0001fb9a      0x177 ./Core/Src/clock_fsm.o
 .debug_macro   0x0001fd11      0x369 ./Core/Src/clock_fsm.o
 .debug_macro   0x0002007a       0x16 ./Core/Src/clock_fsm.o
 .debug_macro   0x00020090       0x29 ./Core/Src/clock_fsm.o
 .debug_macro   0x000200b9       0x16 ./Core/Src/clock_fsm.o
 .debug_macro   0x000200cf       0x20 ./Core/Src/clock_fsm.o
 .debug_macro   0x000200ef       0xca ./Core/Src/clock_fsm.o
 .debug_macro   0x000201b9       0x2e ./Core/Src/clock_fsm.o
 .debug_macro   0x000201e7       0x16 ./Core/Src/clock_fsm.o
 .debug_macro   0x000201fd      0x35e ./Core/Src/displayTime.o
 .debug_macro   0x0002055b      0x23b ./Core/Src/ds3231.o
 .debug_macro   0x00020796      0x21c ./Core/Src/fsmc.o
 .debug_macro   0x000209b2      0x21c ./Core/Src/gpio.o
 .debug_macro   0x00020bce      0x21c ./Core/Src/i2c.o
 .debug_macro   0x00020dea      0x331 ./Core/Src/lcd.o
 .debug_macro   0x0002111b      0x226 ./Core/Src/led_7seg.o
 .debug_macro   0x00021341      0x3ac ./Core/Src/main.o
 .debug_macro   0x000216ed      0x250 ./Core/Src/software_timer.o
 .debug_macro   0x0002193d      0x21c ./Core/Src/spi.o
 .debug_macro   0x00021b59      0x212 ./Core/Src/stm32f4xx_hal_msp.o
 .debug_macro   0x00021d6b      0x21c ./Core/Src/stm32f4xx_it.o
 .debug_macro   0x00021f87      0x203 ./Core/Src/system_stm32f4xx.o
 .debug_macro   0x0002218a      0x21c ./Core/Src/tim.o
 .debug_macro   0x000223a6       0x6d ./Core/Src/utils.o
 .debug_macro   0x00022413      0x263 ./Drivers/STM32F4xx_HAL_Driver/Src/stm32f4xx_hal.o
 .debug_macro   0x00022676      0x203 ./Drivers/STM32F4xx_HAL_Driver/Src/stm32f4xx_hal_cortex.o
 .debug_macro   0x00022879      0x209 ./Drivers/STM32F4xx_HAL_Driver/Src/stm32f4xx_hal_gpio.o
 .debug_macro   0x00022a82      0x24a ./Drivers/STM32F4xx_HAL_Driver/Src/stm32f4xx_hal_i2c.o
 .debug_macro   0x00022ccc      0x227 ./Drivers/STM32F4xx_HAL_Driver/Src/stm32f4xx_hal_rcc.o
 .debug_macro   0x00022ef3      0x212 ./Drivers/STM32F4xx_HAL_Driver/Src/stm32f4xx_hal_spi.o
 .debug_macro   0x00023105      0x203 ./Drivers/STM32F4xx_HAL_Driver/Src/stm32f4xx_hal_sram.o
 .debug_macro   0x00023308      0x204 ./Drivers/STM32F4xx_HAL_Driver/Src/stm32f4xx_hal_tim.o
 .debug_macro   0x0002350c      0x203 ./Drivers/STM32F4xx_HAL_Driver/Src/stm32f4xx_hal_tim_ex.o
 .debug_macro   0x0002370f      0x203 ./Drivers/STM32F4xx_HAL_Driver/Src/stm32f4xx_ll_fsmc.o

.debug_line     0x00000000    0x196ab
 .debug_line    0x00000000      0x839 ./Core/Src/button.o
 .debug_line    0x00000839     0x1261 ./Core/Src/clock_fsm.o
 .debug_line    0x00001a9a      0xaae ./Core/Src/displayTime.o
 .debug_line    0x00002548      0x851 ./Core/Src/ds3231.o
 .debug_line    0x00002d99      0x8ae ./Core/Src/fsmc.o
 .debug_line    0x00003647      0x80c ./Core/Src/gpio.o
 .debug_line    0x00003e53      0x817 ./Core/Src/i2c.o
 .debug_line    0x0000466a     0x10db ./Core/Src/lcd.o
 .debug_line    0x00005745      0x8a6 ./Core/Src/led_7seg.o
 .debug_line    0x00005feb      0xb55 ./Core/Src/main.o
 .debug_line    0x00006b40      0x891 ./Core/Src/software_timer.o
 .debug_line    0x000073d1      0x81f ./Core/Src/spi.o
 .debug_line    0x00007bf0      0x7ae ./Core/Src/stm32f4xx_hal_msp.o
 .debug_line    0x0000839e      0x888 ./Core/Src/stm32f4xx_it.o
 .debug_line    0x00008c26      0x832 ./Core/Src/system_stm32f4xx.o
 .debug_line    0x00009458      0x81b ./Core/Src/tim.o
 .debug_line    0x00009c73      0x44a ./Core/Src/utils.o
 .debug_line    0x0000a0bd       0x7a ./Core/Startup/startup_stm32f407zetx.o
 .debug_line    0x0000a137      0xa9b ./Drivers/STM32F4xx_HAL_Driver/Src/stm32f4xx_hal.o
 .debug_line    0x0000abd2      0xd48 ./Drivers/STM32F4xx_HAL_Driver/Src/stm32f4xx_hal_cortex.o
 .debug_line    0x0000b91a      0xc29 ./Drivers/STM32F4xx_HAL_Driver/Src/stm32f4xx_hal_gpio.o
 .debug_line    0x0000c543     0x3b38 ./Drivers/STM32F4xx_HAL_Driver/Src/stm32f4xx_hal_i2c.o
 .debug_line    0x0001007b      0xe0e ./Drivers/STM32F4xx_HAL_Driver/Src/stm32f4xx_hal_rcc.o
 .debug_line    0x00010e89     0x1d4e ./Drivers/STM32F4xx_HAL_Driver/Src/stm32f4xx_hal_spi.o
 .debug_line    0x00012bd7      0xc37 ./Drivers/STM32F4xx_HAL_Driver/Src/stm32f4xx_hal_sram.o
 .debug_line    0x0001380e     0x37ab ./Drivers/STM32F4xx_HAL_Driver/Src/stm32f4xx_hal_tim.o
 .debug_line    0x00016fb9     0x1a92 ./Drivers/STM32F4xx_HAL_Driver/Src/stm32f4xx_hal_tim_ex.o
 .debug_line    0x00018a4b      0xc60 ./Drivers/STM32F4xx_HAL_Driver/Src/stm32f4xx_ll_fsmc.o

.debug_str      0x00000000    0xcfbb9
 .debug_str     0x00000000    0xc7882 ./Core/Src/button.o
                              0xc7b8f (size before relaxing)
 .debug_str     0x000c7882     0x380a ./Core/Src/clock_fsm.o
                              0xcae85 (size before relaxing)
 .debug_str     0x000cb08c       0xc4 ./Core/Src/displayTime.o
                              0xcac44 (size before relaxing)
 .debug_str     0x000cb150      0x2fc ./Core/Src/ds3231.o
                              0xc7ced (size before relaxing)
 .debug_str     0x000cb44c      0x3ef ./Core/Src/fsmc.o
                              0xc7d54 (size before relaxing)
 .debug_str     0x000cb83b       0x20 ./Core/Src/gpio.o
                              0xc7802 (size before relaxing)
 .debug_str     0x000cb85b       0x58 ./Core/Src/i2c.o
                              0xc7d31 (size before relaxing)
 .debug_str     0x000cb8b3      0x292 ./Core/Src/lcd.o
                              0xcadd1 (size before relaxing)
 .debug_str     0x000cbb45       0x99 ./Core/Src/led_7seg.o
                              0xc7bcc (size before relaxing)
 .debug_str     0x000cbbde      0x249 ./Core/Src/main.o
                              0xcb099 (size before relaxing)
 .debug_str     0x000cbe27      0x35d ./Core/Src/software_timer.o
                              0xc7cec (size before relaxing)
 .debug_str     0x000cc184       0x4b ./Core/Src/spi.o
                              0xc7c8e (size before relaxing)
 .debug_str     0x000cc1cf       0x2c ./Core/Src/stm32f4xx_hal_msp.o
                              0xc7737 (size before relaxing)
 .debug_str     0x000cc1fb       0xec ./Core/Src/stm32f4xx_it.o
                              0xc7c1b (size before relaxing)
 .debug_str     0x000cc2e7       0xdb ./Core/Src/system_stm32f4xx.o
                              0xc75c5 (size before relaxing)
 .debug_str     0x000cc3c2      0x653 ./Core/Src/tim.o
                              0xc830c (size before relaxing)
 .debug_str     0x000cca15       0x14 ./Core/Src/utils.o
                               0x3d4c (size before relaxing)
 .debug_str     0x000cca29       0x44 ./Core/Startup/startup_stm32f407zetx.o
                                 0x88 (size before relaxing)
 .debug_str     0x000cca6d      0x603 ./Drivers/STM32F4xx_HAL_Driver/Src/stm32f4xx_hal.o
                              0xc8149 (size before relaxing)
 .debug_str     0x000cd070      0x32d ./Drivers/STM32F4xx_HAL_Driver/Src/stm32f4xx_hal_cortex.o
                              0xc7e7c (size before relaxing)
 .debug_str     0x000cd39d      0x109 ./Drivers/STM32F4xx_HAL_Driver/Src/stm32f4xx_hal_gpio.o
                              0xc7740 (size before relaxing)
 .debug_str     0x000cd4a6      0xad6 ./Drivers/STM32F4xx_HAL_Driver/Src/stm32f4xx_hal_i2c.o
                              0xc8590 (size before relaxing)
 .debug_str     0x000cdf7c      0x213 ./Drivers/STM32F4xx_HAL_Driver/Src/stm32f4xx_hal_rcc.o
                              0xc79f9 (size before relaxing)
 .debug_str     0x000ce18f      0x544 ./Drivers/STM32F4xx_HAL_Driver/Src/stm32f4xx_hal_spi.o
                              0xc7e89 (size before relaxing)
 .debug_str     0x000ce6d3      0x1a6 ./Drivers/STM32F4xx_HAL_Driver/Src/stm32f4xx_hal_sram.o
                              0xc7b6c (size before relaxing)
 .debug_str     0x000ce879      0xda8 ./Drivers/STM32F4xx_HAL_Driver/Src/stm32f4xx_hal_tim.o
                              0xc893f (size before relaxing)
 .debug_str     0x000cf621      0x493 ./Drivers/STM32F4xx_HAL_Driver/Src/stm32f4xx_hal_tim_ex.o
                              0xc815b (size before relaxing)
 .debug_str     0x000cfab4      0x105 ./Drivers/STM32F4xx_HAL_Driver/Src/stm32f4xx_ll_fsmc.o
                              0xc7974 (size before relaxing)

.comment        0x00000000       0x43
 .comment       0x00000000       0x43 ./Core/Src/button.o
                                 0x44 (size before relaxing)
 .comment       0x00000043       0x44 ./Core/Src/clock_fsm.o
 .comment       0x00000043       0x44 ./Core/Src/displayTime.o
 .comment       0x00000043       0x44 ./Core/Src/ds3231.o
 .comment       0x00000043       0x44 ./Core/Src/fsmc.o
 .comment       0x00000043       0x44 ./Core/Src/gpio.o
 .comment       0x00000043       0x44 ./Core/Src/i2c.o
 .comment       0x00000043       0x44 ./Core/Src/lcd.o
 .comment       0x00000043       0x44 ./Core/Src/led_7seg.o
 .comment       0x00000043       0x44 ./Core/Src/main.o
 .comment       0x00000043       0x44 ./Core/Src/software_timer.o
 .comment       0x00000043       0x44 ./Core/Src/spi.o
 .comment       0x00000043       0x44 ./Core/Src/stm32f4xx_hal_msp.o
 .comment       0x00000043       0x44 ./Core/Src/stm32f4xx_it.o
 .comment       0x00000043       0x44 ./Core/Src/system_stm32f4xx.o
 .comment       0x00000043       0x44 ./Core/Src/tim.o
 .comment       0x00000043       0x44 ./Core/Src/utils.o
 .comment       0x00000043       0x44 ./Drivers/STM32F4xx_HAL_Driver/Src/stm32f4xx_hal.o
 .comment       0x00000043       0x44 ./Drivers/STM32F4xx_HAL_Driver/Src/stm32f4xx_hal_cortex.o
 .comment       0x00000043       0x44 ./Drivers/STM32F4xx_HAL_Driver/Src/stm32f4xx_hal_gpio.o
 .comment       0x00000043       0x44 ./Drivers/STM32F4xx_HAL_Driver/Src/stm32f4xx_hal_i2c.o
 .comment       0x00000043       0x44 ./Drivers/STM32F4xx_HAL_Driver/Src/stm32f4xx_hal_rcc.o
 .comment       0x00000043       0x44 ./Drivers/STM32F4xx_HAL_Driver/Src/stm32f4xx_hal_spi.o
 .comment       0x00000043       0x44 ./Drivers/STM32F4xx_HAL_Driver/Src/stm32f4xx_hal_sram.o
 .comment       0x00000043       0x44 ./Drivers/STM32F4xx_HAL_Driver/Src/stm32f4xx_hal_tim.o
 .comment       0x00000043       0x44 ./Drivers/STM32F4xx_HAL_Driver/Src/stm32f4xx_hal_tim_ex.o
 .comment       0x00000043       0x44 ./Drivers/STM32F4xx_HAL_Driver/Src/stm32f4xx_ll_fsmc.o

.debug_frame    0x00000000     0x4c6c
 .debug_frame   0x00000000       0x50 ./Core/Src/button.o
 .debug_frame   0x00000050       0xd4 ./Core/Src/clock_fsm.o
 .debug_frame   0x00000124      0x178 ./Core/Src/displayTime.o
 .debug_frame   0x0000029c       0x74 ./Core/Src/ds3231.o
 .debug_frame   0x00000310       0xbc ./Core/Src/fsmc.o
 .debug_frame   0x000003cc       0x34 ./Core/Src/gpio.o
 .debug_frame   0x00000400       0x74 ./Core/Src/i2c.o
 .debug_frame   0x00000474      0x3e0 ./Core/Src/lcd.o
 .debug_frame   0x00000854       0xe8 ./Core/Src/led_7seg.o
 .debug_frame   0x0000093c      0x178 ./Core/Src/main.o
 .debug_frame   0x00000ab4       0xc8 ./Core/Src/software_timer.o
 .debug_frame   0x00000b7c       0x74 ./Core/Src/spi.o
 .debug_frame   0x00000bf0       0x38 ./Core/Src/stm32f4xx_hal_msp.o
 .debug_frame   0x00000c28      0x120 ./Core/Src/stm32f4xx_it.o
 .debug_frame   0x00000d48       0x58 ./Core/Src/system_stm32f4xx.o
 .debug_frame   0x00000da0       0x7c ./Core/Src/tim.o
 .debug_frame   0x00000e1c       0x60 ./Core/Src/utils.o
 .debug_frame   0x00000e7c      0x374 ./Drivers/STM32F4xx_HAL_Driver/Src/stm32f4xx_hal.o
 .debug_frame   0x000011f0      0x498 ./Drivers/STM32F4xx_HAL_Driver/Src/stm32f4xx_hal_cortex.o
 .debug_frame   0x00001688      0x14c ./Drivers/STM32F4xx_HAL_Driver/Src/stm32f4xx_hal_gpio.o
 .debug_frame   0x000017d4      0xc5c ./Drivers/STM32F4xx_HAL_Driver/Src/stm32f4xx_hal_i2c.o
 .debug_frame   0x00002430      0x1f4 ./Drivers/STM32F4xx_HAL_Driver/Src/stm32f4xx_hal_rcc.o
 .debug_frame   0x00002624      0x824 ./Drivers/STM32F4xx_HAL_Driver/Src/stm32f4xx_hal_spi.o
 .debug_frame   0x00002e48      0x2a0 ./Drivers/STM32F4xx_HAL_Driver/Src/stm32f4xx_hal_sram.o
 .debug_frame   0x000030e8     0x11c4 ./Drivers/STM32F4xx_HAL_Driver/Src/stm32f4xx_hal_tim.o
 .debug_frame   0x000042ac      0x638 ./Drivers/STM32F4xx_HAL_Driver/Src/stm32f4xx_hal_tim_ex.o
 .debug_frame   0x000048e4      0x2dc ./Drivers/STM32F4xx_HAL_Driver/Src/stm32f4xx_ll_fsmc.o
 .debug_frame   0x00004bc0       0x20 C:/ST/STM32CubeIDE_1.16.1/STM32CubeIDE/plugins/com.st.stm32cube.ide.mcu.externaltools.gnu-tools-for-stm32.12.3.rel1.win32_1.0.200.202406191623/tools/bin/../lib/gcc/arm-none-eabi/12.3.1/../../../../arm-none-eabi/lib/thumb/v7e-m+fp/hard\libc_nano.a(libc_a-memset.o)
 .debug_frame   0x00004be0       0x2c C:/ST/STM32CubeIDE_1.16.1/STM32CubeIDE/plugins/com.st.stm32cube.ide.mcu.externaltools.gnu-tools-for-stm32.12.3.rel1.win32_1.0.200.202406191623/tools/bin/../lib/gcc/arm-none-eabi/12.3.1/../../../../arm-none-eabi/lib/thumb/v7e-m+fp/hard\libc_nano.a(libc_a-init.o)
 .debug_frame   0x00004c0c       0x2c C:/ST/STM32CubeIDE_1.16.1/STM32CubeIDE/plugins/com.st.stm32cube.ide.mcu.externaltools.gnu-tools-for-stm32.12.3.rel1.win32_1.0.200.202406191623/tools/bin/../lib/gcc/arm-none-eabi/12.3.1/thumb/v7e-m+fp/hard\libgcc.a(_aeabi_uldivmod.o)
 .debug_frame   0x00004c38       0x34 C:/ST/STM32CubeIDE_1.16.1/STM32CubeIDE/plugins/com.st.stm32cube.ide.mcu.externaltools.gnu-tools-for-stm32.12.3.rel1.win32_1.0.200.202406191623/tools/bin/../lib/gcc/arm-none-eabi/12.3.1/thumb/v7e-m+fp/hard\libgcc.a(_udivmoddi4.o)

.debug_line_str
                0x00000000       0x6c
 .debug_line_str
                0x00000000       0x6c ./Core/Startup/startup_stm32f407zetx.o
