../Core/Src/main.c:76:5:main	24	static
../Core/Src/main.c:130:6:SystemClock_Config	88	static
../Core/Src/main.c:171:6:system_init	8	static
../Core/Src/main.c:183:6:test_LedDebug	8	static
../Core/Src/main.c:190:6:test_7seg	8	static
../Core/Src/main.c:196:6:test_button	16	static
../Core/Src/main.c:220:9:isButtonPress	16	static
../Core/Src/main.c:226:6:displayTime	24	static
../Core/Src/main.c:236:6:displayTimeModify	24	static
../Core/Src/main.c:246:6:displayTimeRemind	24	static
../Core/Src/main.c:262:6:Error_Handler	4	static,ignoring_inline_asm
